<html>
<body>
<pre>
<h1>µVision Build Log</h1>
<h2>Tool Versions:</h2>
IDE-Version: ¦ÌVision V5.24.2.0
Copyright (C) 2017 ARM Ltd and ARM Germany GmbH. All rights reserved.
License Information: Zhu ShiLiang, Myself, LIC=Y2BTG-VR767-GPUZR-KC6VI-3ST47-DAYR2
 
Tool Versions:
Toolchain:       MDK-ARM Professional  Version: 5.24.1
Toolchain Path:  E:\MDK5-ARM\ARM\ARMCC\Bin
C Compiler:      Armcc.exe V5.06 update 5 (build 528)
Assembler:       Armasm.exe V5.06 update 5 (build 528)
Linker/Locator:  ArmLink.exe V5.06 update 5 (build 528)
Library Manager: ArmAr.exe V5.06 update 5 (build 528)
Hex Converter:   FromElf.exe V5.06 update 5 (build 528)
CPU DLL:         SARMCM3.DLL V5.24.1
Dialog DLL:      DARMCM1.DLL V1.18.0.0
Target DLL:      STLink\ST-LINKIII-KEIL_SWO.dll V3.0.1.0
Dialog DLL:      TARMCM1.DLL V1.13.0.0
 
<h2>Project:</h2>
E:\SoftwareProject\PeepHole\PeepHole\MDK-ARM\PeepHole.uvprojx
Project File Date:  11/09/2020

<h2>Output:</h2>
*** Using Compiler 'V5.06 update 5 (build 528)', folder: 'E:\MDK5-ARM\ARM\ARMCC\Bin'
Build target 'PeepHole'
compiling sccb.c...
compiling main.c...
compiling ov7670.c...
..\Core\Src\ov7670.c(383): warning:  #177-D: variable "i"  was declared but never referenced
  	uint16_t i;
..\Core\Src\ov7670.c(444): warning:  #177-D: function "OV7670_DelayMs"  was declared but never referenced
  static void OV7670_DelayMs(uint16_t Ms)
..\Core\Src\ov7670.c(17): warning:  #177-D: variable "OV7670_REG_INIT_TABLE"  was declared but never referenced
  static const uint8_t OV7670_REG_INIT_TABLE[][2] =
..\Core\Src\ov7670.c: 3 warnings, 0 errors
linking...
Program Size: Code=6396 RO-data=232 RW-data=20 ZI-data=1028  
FromELF: creating hex file...
"PeepHole\PeepHole.axf" - 0 Error(s), 3 Warning(s).

<h2>Software Packages used:</h2>

Package Vendor: ARM
                http://www.keil.com/pack/ARM.CMSIS.5.0.1.pack
                ARM.CMSIS.5.0.1
                CMSIS (Cortex Microcontroller Software Interface Standard)
   * Component: CORE Version: 5.0.1

Package Vendor: Keil
                http://www.keil.com/pack/Keil.STM32F0xx_DFP.2.0.0.pack
                Keil.STM32F0xx_DFP.2.0.0
                STMicroelectronics STM32F0 Series Device Support, Drivers and Examples

<h2>Collection of Component include folders:</h2>
  .\RTE\_PeepHole
  E:\MDK5-ARM\ARM\PACK\ARM\CMSIS\5.0.1\CMSIS\Include
  E:\MDK5-ARM\ARM\PACK\Keil\STM32F0xx_DFP\2.0.0\Drivers\CMSIS\Device\ST\STM32F0xx\Include

<h2>Collection of Component Files used:</h2>

   * Component: ARM::CMSIS:CORE:5.0.1
Build Time Elapsed:  00:00:03
</pre>
</body>
</html>
