Component: ARM Compiler 5.06 update 5 (build 528) Tool: armlink [4d35e2]

==============================================================================

Section Cross References

    startup_stm32f030x6.o(RESET) refers to startup_stm32f030x6.o(STACK) for __initial_sp
    startup_stm32f030x6.o(RESET) refers to startup_stm32f030x6.o(.text) for Reset_Handler
    startup_stm32f030x6.o(RESET) refers to stm32f0xx_it.o(i.NMI_Handler) for NMI_Handler
    startup_stm32f030x6.o(RESET) refers to stm32f0xx_it.o(i.HardFault_Handler) for HardFault_Handler
    startup_stm32f030x6.o(RESET) refers to stm32f0xx_it.o(i.SVC_Handler) for SVC_Handler
    startup_stm32f030x6.o(RESET) refers to stm32f0xx_it.o(i.PendSV_Handler) for PendSV_Handler
    startup_stm32f030x6.o(RESET) refers to stm32f0xx_it.o(i.SysTick_Handler) for SysTick_Handler
    startup_stm32f030x6.o(RESET) refers to stm32f0xx_it.o(i.EXTI4_15_IRQHandler) for EXTI4_15_IRQHandler
    startup_stm32f030x6.o(.text) refers to system_stm32f0xx.o(i.SystemInit) for SystemInit
    startup_stm32f030x6.o(.text) refers to entry.o(.ARM.Collect$$$$00000000) for __main
    main.o(i.HAL_GPIO_EXTI_Callback) refers to peephole.o(i.PeepHole_OV_VSYNC_EXTI_Callback) for PeepHole_OV_VSYNC_EXTI_Callback
    main.o(i.SystemClock_Config) refers to memseta.o(.text) for __aeabi_memclr4
    main.o(i.SystemClock_Config) refers to stm32f0xx_hal_rcc.o(i.HAL_RCC_OscConfig) for HAL_RCC_OscConfig
    main.o(i.SystemClock_Config) refers to stm32f0xx_hal_rcc.o(i.HAL_RCC_ClockConfig) for HAL_RCC_ClockConfig
    main.o(i.main) refers to stm32f0xx_hal.o(i.HAL_Init) for HAL_Init
    main.o(i.main) refers to main.o(i.SystemClock_Config) for SystemClock_Config
    main.o(i.main) refers to peephole.o(i.PeepHole_Init) for PeepHole_Init
    main.o(i.main) refers to peephole.o(i.PeepHole_Power_Control) for PeepHole_Power_Control
    main.o(i.main) refers to ili9341.o(i.ILI9341_Board_Init) for ILI9341_Board_Init
    main.o(i.main) refers to stm32f0xx_hal.o(i.HAL_Delay) for HAL_Delay
    main.o(i.main) refers to ili9341.o(i.Tft_Init) for Tft_Init
    main.o(i.main) refers to ili9341.o(i.TftClear) for TftClear
    main.o(i.main) refers to ov7670.o(i.OV7670_Init) for OV7670_Init
    main.o(i.main) refers to ili9341.o(i.ILI9341_DataPort_IN) for ILI9341_DataPort_IN
    main.o(i.main) refers to peephole.o(i.PeepHole_OV_2_LCD_Control) for PeepHole_OV_2_LCD_Control
    main.o(i.main) refers to peephole.o(i.PeepHole_LCD_WR_Control) for PeepHole_LCD_WR_Control
    main.o(i.main) refers to peephole.o(i.PeepHole_EXTI_Control) for PeepHole_EXTI_Control
    main.o(i.main) refers to main.o(.data) for .data
    stm32f0xx_it.o(i.EXTI4_15_IRQHandler) refers to stm32f0xx_hal_gpio.o(i.HAL_GPIO_EXTI_IRQHandler) for HAL_GPIO_EXTI_IRQHandler
    stm32f0xx_it.o(i.SysTick_Handler) refers to stm32f0xx_hal.o(i.HAL_IncTick) for HAL_IncTick
    stm32f0xx_hal_rcc.o(i.HAL_RCC_ClockConfig) refers to stm32f0xx_hal.o(i.HAL_GetTick) for HAL_GetTick
    stm32f0xx_hal_rcc.o(i.HAL_RCC_ClockConfig) refers to stm32f0xx_hal_rcc.o(i.HAL_RCC_GetSysClockFreq) for HAL_RCC_GetSysClockFreq
    stm32f0xx_hal_rcc.o(i.HAL_RCC_ClockConfig) refers to stm32f0xx_hal.o(i.HAL_InitTick) for HAL_InitTick
    stm32f0xx_hal_rcc.o(i.HAL_RCC_ClockConfig) refers to system_stm32f0xx.o(.constdata) for AHBPrescTable
    stm32f0xx_hal_rcc.o(i.HAL_RCC_ClockConfig) refers to system_stm32f0xx.o(.data) for SystemCoreClock
    stm32f0xx_hal_rcc.o(i.HAL_RCC_DeInit) refers to stm32f0xx_hal.o(i.HAL_GetTick) for HAL_GetTick
    stm32f0xx_hal_rcc.o(i.HAL_RCC_DeInit) refers to stm32f0xx_hal.o(i.HAL_InitTick) for HAL_InitTick
    stm32f0xx_hal_rcc.o(i.HAL_RCC_DeInit) refers to system_stm32f0xx.o(.data) for SystemCoreClock
    stm32f0xx_hal_rcc.o(i.HAL_RCC_DeInit) refers to stm32f0xx_hal.o(.data) for uwTickPrio
    stm32f0xx_hal_rcc.o(i.HAL_RCC_GetHCLKFreq) refers to system_stm32f0xx.o(.data) for SystemCoreClock
    stm32f0xx_hal_rcc.o(i.HAL_RCC_GetPCLK1Freq) refers to system_stm32f0xx.o(.data) for SystemCoreClock
    stm32f0xx_hal_rcc.o(i.HAL_RCC_GetPCLK1Freq) refers to system_stm32f0xx.o(.constdata) for APBPrescTable
    stm32f0xx_hal_rcc.o(i.HAL_RCC_GetSysClockFreq) refers to uldiv.o(.text) for __aeabi_uldivmod
    stm32f0xx_hal_rcc.o(i.HAL_RCC_GetSysClockFreq) refers to stm32f0xx_hal_rcc.o(i.__ARM_common_ll_muluu) for __ARM_common_ll_muluu
    stm32f0xx_hal_rcc.o(i.HAL_RCC_MCOConfig) refers to stm32f0xx_hal_gpio.o(i.HAL_GPIO_Init) for HAL_GPIO_Init
    stm32f0xx_hal_rcc.o(i.HAL_RCC_NMI_IRQHandler) refers to stm32f0xx_hal_rcc.o(i.HAL_RCC_CSSCallback) for HAL_RCC_CSSCallback
    stm32f0xx_hal_rcc.o(i.HAL_RCC_OscConfig) refers to stm32f0xx_hal.o(i.HAL_GetTick) for HAL_GetTick
    stm32f0xx_hal_rcc_ex.o(i.HAL_RCCEx_GetPeriphCLKFreq) refers to stm32f0xx_hal_rcc.o(i.HAL_RCC_GetPCLK1Freq) for HAL_RCC_GetPCLK1Freq
    stm32f0xx_hal_rcc_ex.o(i.HAL_RCCEx_GetPeriphCLKFreq) refers to stm32f0xx_hal_rcc.o(i.HAL_RCC_GetSysClockFreq) for HAL_RCC_GetSysClockFreq
[...]
    stm32f0xx_hal_i2c.o(i.HAL_I2C_Mem_Read_IT) refers to stm32f0xx_hal_i2c.o(i.I2C_RequestMemoryRead) for I2C_RequestMemoryRead
    stm32f0xx_hal_i2c.o(i.HAL_I2C_Mem_Read_IT) refers to stm32f0xx_hal_i2c.o(i.I2C_TransferConfig) for I2C_TransferConfig
    stm32f0xx_hal_i2c.o(i.HAL_I2C_Mem_Read_IT) refers to stm32f0xx_hal_i2c.o(i.I2C_Enable_IRQ) for I2C_Enable_IRQ
    stm32f0xx_hal_i2c.o(i.HAL_I2C_Mem_Read_IT) refers to stm32f0xx_hal_i2c.o(i.I2C_Master_ISR_IT) for I2C_Master_ISR_IT
    stm32f0xx_hal_i2c.o(i.HAL_I2C_Mem_Write) refers to stm32f0xx_hal.o(i.HAL_GetTick) for HAL_GetTick
    stm32f0xx_hal_i2c.o(i.HAL_I2C_Mem_Write) refers to stm32f0xx_hal_i2c.o(i.I2C_WaitOnFlagUntilTimeout) for I2C_WaitOnFlagUntilTimeout
    stm32f0xx_hal_i2c.o(i.HAL_I2C_Mem_Write) refers to stm32f0xx_hal_i2c.o(i.I2C_RequestMemoryWrite) for I2C_RequestMemoryWrite
    stm32f0xx_hal_i2c.o(i.HAL_I2C_Mem_Write) refers to stm32f0xx_hal_i2c.o(i.I2C_TransferConfig) for I2C_TransferConfig
    stm32f0xx_hal_i2c.o(i.HAL_I2C_Mem_Write) refers to stm32f0xx_hal_i2c.o(i.I2C_WaitOnTXISFlagUntilTimeout) for I2C_WaitOnTXISFlagUntilTimeout
    stm32f0xx_hal_i2c.o(i.HAL_I2C_Mem_Write) refers to stm32f0xx_hal_i2c.o(i.I2C_WaitOnSTOPFlagUntilTimeout) for I2C_WaitOnSTOPFlagUntilTimeout
    stm32f0xx_hal_i2c.o(i.HAL_I2C_Mem_Write_DMA) refers to stm32f0xx_hal.o(i.HAL_GetTick) for HAL_GetTick
    stm32f0xx_hal_i2c.o(i.HAL_I2C_Mem_Write_DMA) refers to stm32f0xx_hal_i2c.o(i.I2C_RequestMemoryWrite) for I2C_RequestMemoryWrite
    stm32f0xx_hal_i2c.o(i.HAL_I2C_Mem_Write_DMA) refers to stm32f0xx_hal_dma.o(i.HAL_DMA_Start_IT) for HAL_DMA_Start_IT
    stm32f0xx_hal_i2c.o(i.HAL_I2C_Mem_Write_DMA) refers to stm32f0xx_hal_i2c.o(i.I2C_TransferConfig) for I2C_TransferConfig
    stm32f0xx_hal_i2c.o(i.HAL_I2C_Mem_Write_DMA) refers to stm32f0xx_hal_i2c.o(i.I2C_Enable_IRQ) for I2C_Enable_IRQ
    stm32f0xx_hal_i2c.o(i.HAL_I2C_Mem_Write_DMA) refers to stm32f0xx_hal_i2c.o(i.I2C_Master_ISR_DMA) for I2C_Master_ISR_DMA
    stm32f0xx_hal_i2c.o(i.HAL_I2C_Mem_Write_DMA) refers to stm32f0xx_hal_i2c.o(i.I2C_DMAMasterTransmitCplt) for I2C_DMAMasterTransmitCplt
    stm32f0xx_hal_i2c.o(i.HAL_I2C_Mem_Write_DMA) refers to stm32f0xx_hal_i2c.o(i.I2C_DMAError) for I2C_DMAError
    stm32f0xx_hal_i2c.o(i.HAL_I2C_Mem_Write_IT) refers to stm32f0xx_hal.o(i.HAL_GetTick) for HAL_GetTick
    stm32f0xx_hal_i2c.o(i.HAL_I2C_Mem_Write_IT) refers to stm32f0xx_hal_i2c.o(i.I2C_RequestMemoryWrite) for I2C_RequestMemoryWrite
    stm32f0xx_hal_i2c.o(i.HAL_I2C_Mem_Write_IT) refers to stm32f0xx_hal_i2c.o(i.I2C_TransferConfig) for I2C_TransferConfig
    stm32f0xx_hal_i2c.o(i.HAL_I2C_Mem_Write_IT) refers to stm32f0xx_hal_i2c.o(i.I2C_Enable_IRQ) for I2C_Enable_IRQ
    stm32f0xx_hal_i2c.o(i.HAL_I2C_Mem_Write_IT) refers to stm32f0xx_hal_i2c.o(i.I2C_Master_ISR_IT) for I2C_Master_ISR_IT
    stm32f0xx_hal_i2c.o(i.HAL_I2C_Slave_Receive) refers to stm32f0xx_hal.o(i.HAL_GetTick) for HAL_GetTick
    stm32f0xx_hal_i2c.o(i.HAL_I2C_Slave_Receive) refers to stm32f0xx_hal_i2c.o(i.I2C_WaitOnFlagUntilTimeout) for I2C_WaitOnFlagUntilTimeout
    stm32f0xx_hal_i2c.o(i.HAL_I2C_Slave_Receive) refers to stm32f0xx_hal_i2c.o(i.I2C_WaitOnRXNEFlagUntilTimeout) for I2C_WaitOnRXNEFlagUntilTimeout
    stm32f0xx_hal_i2c.o(i.HAL_I2C_Slave_Receive) refers to stm32f0xx_hal_i2c.o(i.I2C_WaitOnSTOPFlagUntilTimeout) for I2C_WaitOnSTOPFlagUntilTimeout
    stm32f0xx_hal_i2c.o(i.HAL_I2C_Slave_Receive_DMA) refers to stm32f0xx_hal_dma.o(i.HAL_DMA_Start_IT) for HAL_DMA_Start_IT
    stm32f0xx_hal_i2c.o(i.HAL_I2C_Slave_Receive_DMA) refers to stm32f0xx_hal_i2c.o(i.I2C_Enable_IRQ) for I2C_Enable_IRQ
    stm32f0xx_hal_i2c.o(i.HAL_I2C_Slave_Receive_DMA) refers to stm32f0xx_hal_i2c.o(i.I2C_Slave_ISR_DMA) for I2C_Slave_ISR_DMA
    stm32f0xx_hal_i2c.o(i.HAL_I2C_Slave_Receive_DMA) refers to stm32f0xx_hal_i2c.o(i.I2C_DMASlaveReceiveCplt) for I2C_DMASlaveReceiveCplt
    stm32f0xx_hal_i2c.o(i.HAL_I2C_Slave_Receive_DMA) refers to stm32f0xx_hal_i2c.o(i.I2C_DMAError) for I2C_DMAError
    stm32f0xx_hal_i2c.o(i.HAL_I2C_Slave_Receive_IT) refers to stm32f0xx_hal_i2c.o(i.I2C_Enable_IRQ) for I2C_Enable_IRQ
    stm32f0xx_hal_i2c.o(i.HAL_I2C_Slave_Receive_IT) refers to stm32f0xx_hal_i2c.o(i.I2C_Slave_ISR_IT) for I2C_Slave_ISR_IT
    stm32f0xx_hal_i2c.o(i.HAL_I2C_Slave_Seq_Receive_DMA) refers to stm32f0xx_hal_i2c.o(i.I2C_Disable_IRQ) for I2C_Disable_IRQ
    stm32f0xx_hal_i2c.o(i.HAL_I2C_Slave_Seq_Receive_DMA) refers to stm32f0xx_hal_dma.o(i.HAL_DMA_Abort_IT) for HAL_DMA_Abort_IT
    stm32f0xx_hal_i2c.o(i.HAL_I2C_Slave_Seq_Receive_DMA) refers to stm32f0xx_hal_dma.o(i.HAL_DMA_Start_IT) for HAL_DMA_Start_IT
    stm32f0xx_hal_i2c.o(i.HAL_I2C_Slave_Seq_Receive_DMA) refers to stm32f0xx_hal_i2c.o(i.I2C_Enable_IRQ) for I2C_Enable_IRQ
    stm32f0xx_hal_i2c.o(i.HAL_I2C_Slave_Seq_Receive_DMA) refers to stm32f0xx_hal_i2c.o(i.I2C_DMAAbort) for I2C_DMAAbort
    stm32f0xx_hal_i2c.o(i.HAL_I2C_Slave_Seq_Receive_DMA) refers to stm32f0xx_hal_i2c.o(i.I2C_Slave_ISR_DMA) for I2C_Slave_ISR_DMA
    stm32f0xx_hal_i2c.o(i.HAL_I2C_Slave_Seq_Receive_DMA) refers to stm32f0xx_hal_i2c.o(i.I2C_DMASlaveReceiveCplt) for I2C_DMASlaveReceiveCplt
    stm32f0xx_hal_i2c.o(i.HAL_I2C_Slave_Seq_Receive_DMA) refers to stm32f0xx_hal_i2c.o(i.I2C_DMAError) for I2C_DMAError
    stm32f0xx_hal_i2c.o(i.HAL_I2C_Slave_Seq_Receive_IT) refers to stm32f0xx_hal_i2c.o(i.I2C_Disable_IRQ) for I2C_Disable_IRQ
    stm32f0xx_hal_i2c.o(i.HAL_I2C_Slave_Seq_Receive_IT) refers to stm32f0xx_hal_dma.o(i.HAL_DMA_Abort_IT) for HAL_DMA_Abort_IT
    stm32f0xx_hal_i2c.o(i.HAL_I2C_Slave_Seq_Receive_IT) refers to stm32f0xx_hal_i2c.o(i.I2C_Enable_IRQ) for I2C_Enable_IRQ
    stm32f0xx_hal_i2c.o(i.HAL_I2C_Slave_Seq_Receive_IT) refers to stm32f0xx_hal_i2c.o(i.I2C_DMAAbort) for I2C_DMAAbort
    stm32f0xx_hal_i2c.o(i.HAL_I2C_Slave_Seq_Receive_IT) refers to stm32f0xx_hal_i2c.o(i.I2C_Slave_ISR_IT) for I2C_Slave_ISR_IT
    stm32f0xx_hal_i2c.o(i.HAL_I2C_Slave_Seq_Transmit_DMA) refers to stm32f0xx_hal_i2c.o(i.I2C_Disable_IRQ) for I2C_Disable_IRQ
    stm32f0xx_hal_i2c.o(i.HAL_I2C_Slave_Seq_Transmit_DMA) refers to stm32f0xx_hal_dma.o(i.HAL_DMA_Abort_IT) for HAL_DMA_Abort_IT
    stm32f0xx_hal_i2c.o(i.HAL_I2C_Slave_Seq_Transmit_DMA) refers to stm32f0xx_hal_dma.o(i.HAL_DMA_Start_IT) for HAL_DMA_Start_IT
    stm32f0xx_hal_i2c.o(i.HAL_I2C_Slave_Seq_Transmit_DMA) refers to stm32f0xx_hal_i2c.o(i.I2C_Enable_IRQ) for I2C_Enable_IRQ
    stm32f0xx_hal_i2c.o(i.HAL_I2C_Slave_Seq_Transmit_DMA) refers to stm32f0xx_hal_i2c.o(i.I2C_DMAAbort) for I2C_DMAAbort
    stm32f0xx_hal_i2c.o(i.HAL_I2C_Slave_Seq_Transmit_DMA) refers to stm32f0xx_hal_i2c.o(i.I2C_Slave_ISR_DMA) for I2C_Slave_ISR_DMA
    stm32f0xx_hal_i2c.o(i.HAL_I2C_Slave_Seq_Transmit_DMA) refers to stm32f0xx_hal_i2c.o(i.I2C_DMASlaveTransmitCplt) for I2C_DMASlaveTransmitCplt
    stm32f0xx_hal_i2c.o(i.HAL_I2C_Slave_Seq_Transmit_DMA) refers to stm32f0xx_hal_i2c.o(i.I2C_DMAError) for I2C_DMAError
    stm32f0xx_hal_i2c.o(i.HAL_I2C_Slave_Seq_Transmit_IT) refers to stm32f0xx_hal_i2c.o(i.I2C_Disable_IRQ) for I2C_Disable_IRQ
    stm32f0xx_hal_i2c.o(i.HAL_I2C_Slave_Seq_Transmit_IT) refers to stm32f0xx_hal_dma.o(i.HAL_DMA_Abort_IT) for HAL_DMA_Abort_IT
    stm32f0xx_hal_i2c.o(i.HAL_I2C_Slave_Seq_Transmit_IT) refers to stm32f0xx_hal_i2c.o(i.I2C_Enable_IRQ) for I2C_Enable_IRQ
    stm32f0xx_hal_i2c.o(i.HAL_I2C_Slave_Seq_Transmit_IT) refers to stm32f0xx_hal_i2c.o(i.I2C_DMAAbort) for I2C_DMAAbort
    stm32f0xx_hal_i2c.o(i.HAL_I2C_Slave_Seq_Transmit_IT) refers to stm32f0xx_hal_i2c.o(i.I2C_Slave_ISR_IT) for I2C_Slave_ISR_IT
    stm32f0xx_hal_i2c.o(i.HAL_I2C_Slave_Transmit) refers to stm32f0xx_hal.o(i.HAL_GetTick) for HAL_GetTick
    stm32f0xx_hal_i2c.o(i.HAL_I2C_Slave_Transmit) refers to stm32f0xx_hal_i2c.o(i.I2C_WaitOnFlagUntilTimeout) for I2C_WaitOnFlagUntilTimeout
    stm32f0xx_hal_i2c.o(i.HAL_I2C_Slave_Transmit) refers to stm32f0xx_hal_i2c.o(i.I2C_WaitOnTXISFlagUntilTimeout) for I2C_WaitOnTXISFlagUntilTimeout
    stm32f0xx_hal_i2c.o(i.HAL_I2C_Slave_Transmit) refers to stm32f0xx_hal_i2c.o(i.I2C_WaitOnSTOPFlagUntilTimeout) for I2C_WaitOnSTOPFlagUntilTimeout
    stm32f0xx_hal_i2c.o(i.HAL_I2C_Slave_Transmit_DMA) refers to stm32f0xx_hal_dma.o(i.HAL_DMA_Start_IT) for HAL_DMA_Start_IT
    stm32f0xx_hal_i2c.o(i.HAL_I2C_Slave_Transmit_DMA) refers to stm32f0xx_hal_i2c.o(i.I2C_Enable_IRQ) for I2C_Enable_IRQ
    stm32f0xx_hal_i2c.o(i.HAL_I2C_Slave_Transmit_DMA) refers to stm32f0xx_hal_i2c.o(i.I2C_Slave_ISR_DMA) for I2C_Slave_ISR_DMA
    stm32f0xx_hal_i2c.o(i.HAL_I2C_Slave_Transmit_DMA) refers to stm32f0xx_hal_i2c.o(i.I2C_DMASlaveTransmitCplt) for I2C_DMASlaveTransmitCplt
    stm32f0xx_hal_i2c.o(i.HAL_I2C_Slave_Transmit_DMA) refers to stm32f0xx_hal_i2c.o(i.I2C_DMAError) for I2C_DMAError
    stm32f0xx_hal_i2c.o(i.HAL_I2C_Slave_Transmit_IT) refers to stm32f0xx_hal_i2c.o(i.I2C_Enable_IRQ) for I2C_Enable_IRQ
    stm32f0xx_hal_i2c.o(i.HAL_I2C_Slave_Transmit_IT) refers to stm32f0xx_hal_i2c.o(i.I2C_Slave_ISR_IT) for I2C_Slave_ISR_IT
    stm32f0xx_hal_i2c.o(i.I2C_DMAAbort) refers to stm32f0xx_hal_i2c.o(i.I2C_TreatErrorCallback) for I2C_TreatErrorCallback
    stm32f0xx_hal_i2c.o(i.I2C_DMAError) refers to stm32f0xx_hal_i2c.o(i.I2C_ITError) for I2C_ITError
    stm32f0xx_hal_i2c.o(i.I2C_DMAMasterReceiveCplt) refers to stm32f0xx_hal_dma.o(i.HAL_DMA_Start_IT) for HAL_DMA_Start_IT
    stm32f0xx_hal_i2c.o(i.I2C_DMAMasterReceiveCplt) refers to stm32f0xx_hal_i2c.o(i.I2C_ITError) for I2C_ITError
    stm32f0xx_hal_i2c.o(i.I2C_DMAMasterReceiveCplt) refers to stm32f0xx_hal_i2c.o(i.I2C_Enable_IRQ) for I2C_Enable_IRQ
    stm32f0xx_hal_i2c.o(i.I2C_DMAMasterTransmitCplt) refers to stm32f0xx_hal_dma.o(i.HAL_DMA_Start_IT) for HAL_DMA_Start_IT
    stm32f0xx_hal_i2c.o(i.I2C_DMAMasterTransmitCplt) refers to stm32f0xx_hal_i2c.o(i.I2C_ITError) for I2C_ITError
    stm32f0xx_hal_i2c.o(i.I2C_DMAMasterTransmitCplt) refers to stm32f0xx_hal_i2c.o(i.I2C_Enable_IRQ) for I2C_Enable_IRQ
    stm32f0xx_hal_i2c.o(i.I2C_DMASlaveReceiveCplt) refers to stm32f0xx_hal_i2c.o(i.I2C_ITSlaveSeqCplt) for I2C_ITSlaveSeqCplt
    stm32f0xx_hal_i2c.o(i.I2C_DMASlaveTransmitCplt) refers to stm32f0xx_hal_i2c.o(i.I2C_ITSlaveSeqCplt) for I2C_ITSlaveSeqCplt
    stm32f0xx_hal_i2c.o(i.I2C_Enable_IRQ) refers to stm32f0xx_hal_i2c.o(i.I2C_Master_ISR_DMA) for I2C_Master_ISR_DMA
    stm32f0xx_hal_i2c.o(i.I2C_Enable_IRQ) refers to stm32f0xx_hal_i2c.o(i.I2C_Slave_ISR_DMA) for I2C_Slave_ISR_DMA
    stm32f0xx_hal_i2c.o(i.I2C_ITAddrCplt) refers to stm32f0xx_hal_i2c.o(i.HAL_I2C_AddrCallback) for HAL_I2C_AddrCallback
    stm32f0xx_hal_i2c.o(i.I2C_ITAddrCplt) refers to stm32f0xx_hal_i2c.o(i.I2C_Disable_IRQ) for I2C_Disable_IRQ
    stm32f0xx_hal_i2c.o(i.I2C_ITError) refers to stm32f0xx_hal_i2c.o(i.I2C_Disable_IRQ) for I2C_Disable_IRQ
    stm32f0xx_hal_i2c.o(i.I2C_ITError) refers to stm32f0xx_hal_dma.o(i.HAL_DMA_GetState) for HAL_DMA_GetState
    stm32f0xx_hal_i2c.o(i.I2C_ITError) refers to stm32f0xx_hal_dma.o(i.HAL_DMA_Abort_IT) for HAL_DMA_Abort_IT
    stm32f0xx_hal_i2c.o(i.I2C_ITError) refers to stm32f0xx_hal_i2c.o(i.I2C_TreatErrorCallback) for I2C_TreatErrorCallback
    stm32f0xx_hal_i2c.o(i.I2C_ITError) refers to stm32f0xx_hal_i2c.o(i.I2C_DMAAbort) for I2C_DMAAbort
    stm32f0xx_hal_i2c.o(i.I2C_ITError) refers to stm32f0xx_hal_i2c.o(i.I2C_Slave_ISR_IT) for I2C_Slave_ISR_IT
    stm32f0xx_hal_i2c.o(i.I2C_ITListenCplt) refers to stm32f0xx_hal_i2c.o(i.I2C_Disable_IRQ) for I2C_Disable_IRQ
    stm32f0xx_hal_i2c.o(i.I2C_ITListenCplt) refers to stm32f0xx_hal_i2c.o(i.HAL_I2C_ListenCpltCallback) for HAL_I2C_ListenCpltCallback
    stm32f0xx_hal_i2c.o(i.I2C_ITMasterCplt) refers to stm32f0xx_hal_i2c.o(i.I2C_Disable_IRQ) for I2C_Disable_IRQ
    stm32f0xx_hal_i2c.o(i.I2C_ITMasterCplt) refers to stm32f0xx_hal_i2c.o(i.I2C_Flush_TXDR) for I2C_Flush_TXDR
    stm32f0xx_hal_i2c.o(i.I2C_ITMasterCplt) refers to stm32f0xx_hal_i2c.o(i.I2C_ITError) for I2C_ITError
    stm32f0xx_hal_i2c.o(i.I2C_ITMasterCplt) refers to stm32f0xx_hal_i2c.o(i.HAL_I2C_MasterRxCpltCallback) for HAL_I2C_MasterRxCpltCallback
    stm32f0xx_hal_i2c.o(i.I2C_ITMasterCplt) refers to stm32f0xx_hal_i2c.o(i.HAL_I2C_MasterTxCpltCallback) for HAL_I2C_MasterTxCpltCallback
    stm32f0xx_hal_i2c.o(i.I2C_ITMasterCplt) refers to stm32f0xx_hal_i2c.o(i.HAL_I2C_MemTxCpltCallback) for HAL_I2C_MemTxCpltCallback
    stm32f0xx_hal_i2c.o(i.I2C_ITMasterCplt) refers to stm32f0xx_hal_i2c.o(i.HAL_I2C_MemRxCpltCallback) for HAL_I2C_MemRxCpltCallback
    stm32f0xx_hal_i2c.o(i.I2C_ITMasterSeqCplt) refers to stm32f0xx_hal_i2c.o(i.I2C_Disable_IRQ) for I2C_Disable_IRQ
    stm32f0xx_hal_i2c.o(i.I2C_ITMasterSeqCplt) refers to stm32f0xx_hal_i2c.o(i.HAL_I2C_MasterRxCpltCallback) for HAL_I2C_MasterRxCpltCallback
    stm32f0xx_hal_i2c.o(i.I2C_ITMasterSeqCplt) refers to stm32f0xx_hal_i2c.o(i.HAL_I2C_MasterTxCpltCallback) for HAL_I2C_MasterTxCpltCallback
    stm32f0xx_hal_i2c.o(i.I2C_ITSlaveCplt) refers to stm32f0xx_hal_i2c.o(i.I2C_Disable_IRQ) for I2C_Disable_IRQ
    stm32f0xx_hal_i2c.o(i.I2C_ITSlaveCplt) refers to stm32f0xx_hal_i2c.o(i.I2C_Flush_TXDR) for I2C_Flush_TXDR
    stm32f0xx_hal_i2c.o(i.I2C_ITSlaveCplt) refers to stm32f0xx_hal_i2c.o(i.I2C_ITError) for I2C_ITError
    stm32f0xx_hal_i2c.o(i.I2C_ITSlaveCplt) refers to stm32f0xx_hal_i2c.o(i.I2C_ITListenCplt) for I2C_ITListenCplt
    stm32f0xx_hal_i2c.o(i.I2C_ITSlaveCplt) refers to stm32f0xx_hal_i2c.o(i.I2C_ITSlaveSeqCplt) for I2C_ITSlaveSeqCplt
    stm32f0xx_hal_i2c.o(i.I2C_ITSlaveCplt) refers to stm32f0xx_hal_i2c.o(i.HAL_I2C_ListenCpltCallback) for HAL_I2C_ListenCpltCallback
    stm32f0xx_hal_i2c.o(i.I2C_ITSlaveCplt) refers to stm32f0xx_hal_i2c.o(i.HAL_I2C_SlaveTxCpltCallback) for HAL_I2C_SlaveTxCpltCallback
    stm32f0xx_hal_i2c.o(i.I2C_ITSlaveCplt) refers to stm32f0xx_hal_i2c.o(i.HAL_I2C_SlaveRxCpltCallback) for HAL_I2C_SlaveRxCpltCallback
    stm32f0xx_hal_i2c.o(i.I2C_ITSlaveSeqCplt) refers to stm32f0xx_hal_i2c.o(i.I2C_Disable_IRQ) for I2C_Disable_IRQ
    stm32f0xx_hal_i2c.o(i.I2C_ITSlaveSeqCplt) refers to stm32f0xx_hal_i2c.o(i.HAL_I2C_SlaveRxCpltCallback) for HAL_I2C_SlaveRxCpltCallback
    stm32f0xx_hal_i2c.o(i.I2C_ITSlaveSeqCplt) refers to stm32f0xx_hal_i2c.o(i.HAL_I2C_SlaveTxCpltCallback) for HAL_I2C_SlaveTxCpltCallback
    stm32f0xx_hal_i2c.o(i.I2C_IsAcknowledgeFailed) refers to stm32f0xx_hal.o(i.HAL_GetTick) for HAL_GetTick
    stm32f0xx_hal_i2c.o(i.I2C_IsAcknowledgeFailed) refers to stm32f0xx_hal_i2c.o(i.I2C_Flush_TXDR) for I2C_Flush_TXDR
    stm32f0xx_hal_i2c.o(i.I2C_Master_ISR_DMA) refers to stm32f0xx_hal_i2c.o(i.I2C_Enable_IRQ) for I2C_Enable_IRQ
    stm32f0xx_hal_i2c.o(i.I2C_Master_ISR_DMA) refers to stm32f0xx_hal_i2c.o(i.I2C_Flush_TXDR) for I2C_Flush_TXDR
    stm32f0xx_hal_i2c.o(i.I2C_Master_ISR_DMA) refers to stm32f0xx_hal_i2c.o(i.I2C_TransferConfig) for I2C_TransferConfig
    stm32f0xx_hal_i2c.o(i.I2C_Master_ISR_DMA) refers to stm32f0xx_hal_i2c.o(i.I2C_ITError) for I2C_ITError
    stm32f0xx_hal_i2c.o(i.I2C_Master_ISR_DMA) refers to stm32f0xx_hal_i2c.o(i.I2C_ITMasterSeqCplt) for I2C_ITMasterSeqCplt
    stm32f0xx_hal_i2c.o(i.I2C_Master_ISR_DMA) refers to stm32f0xx_hal_i2c.o(i.I2C_ITMasterCplt) for I2C_ITMasterCplt
    stm32f0xx_hal_i2c.o(i.I2C_Master_ISR_IT) refers to stm32f0xx_hal_i2c.o(i.I2C_Flush_TXDR) for I2C_Flush_TXDR
    stm32f0xx_hal_i2c.o(i.I2C_Master_ISR_IT) refers to stm32f0xx_hal_i2c.o(i.I2C_TransferConfig) for I2C_TransferConfig
    stm32f0xx_hal_i2c.o(i.I2C_Master_ISR_IT) refers to stm32f0xx_hal_i2c.o(i.I2C_ITError) for I2C_ITError
    stm32f0xx_hal_i2c.o(i.I2C_Master_ISR_IT) refers to stm32f0xx_hal_i2c.o(i.I2C_ITMasterCplt) for I2C_ITMasterCplt
    stm32f0xx_hal_i2c.o(i.I2C_Master_ISR_IT) refers to stm32f0xx_hal_i2c.o(i.I2C_ITMasterSeqCplt) for I2C_ITMasterSeqCplt
    stm32f0xx_hal_i2c.o(i.I2C_RequestMemoryRead) refers to stm32f0xx_hal_i2c.o(i.I2C_TransferConfig) for I2C_TransferConfig
    stm32f0xx_hal_i2c.o(i.I2C_RequestMemoryRead) refers to stm32f0xx_hal_i2c.o(i.I2C_WaitOnTXISFlagUntilTimeout) for I2C_WaitOnTXISFlagUntilTimeout
    stm32f0xx_hal_i2c.o(i.I2C_RequestMemoryRead) refers to stm32f0xx_hal_i2c.o(i.I2C_WaitOnFlagUntilTimeout) for I2C_WaitOnFlagUntilTimeout
    stm32f0xx_hal_i2c.o(i.I2C_RequestMemoryWrite) refers to stm32f0xx_hal_i2c.o(i.I2C_TransferConfig) for I2C_TransferConfig
    stm32f0xx_hal_i2c.o(i.I2C_RequestMemoryWrite) refers to stm32f0xx_hal_i2c.o(i.I2C_WaitOnTXISFlagUntilTimeout) for I2C_WaitOnTXISFlagUntilTimeout
    stm32f0xx_hal_i2c.o(i.I2C_RequestMemoryWrite) refers to stm32f0xx_hal_i2c.o(i.I2C_WaitOnFlagUntilTimeout) for I2C_WaitOnFlagUntilTimeout
    stm32f0xx_hal_i2c.o(i.I2C_Slave_ISR_DMA) refers to stm32f0xx_hal_i2c.o(i.I2C_ITSlaveCplt) for I2C_ITSlaveCplt
    stm32f0xx_hal_i2c.o(i.I2C_Slave_ISR_DMA) refers to stm32f0xx_hal_i2c.o(i.I2C_ITListenCplt) for I2C_ITListenCplt
    stm32f0xx_hal_i2c.o(i.I2C_Slave_ISR_DMA) refers to stm32f0xx_hal_i2c.o(i.I2C_Flush_TXDR) for I2C_Flush_TXDR
    stm32f0xx_hal_i2c.o(i.I2C_Slave_ISR_DMA) refers to stm32f0xx_hal_i2c.o(i.I2C_ITSlaveSeqCplt) for I2C_ITSlaveSeqCplt
    stm32f0xx_hal_i2c.o(i.I2C_Slave_ISR_DMA) refers to stm32f0xx_hal_i2c.o(i.I2C_ITError) for I2C_ITError
    stm32f0xx_hal_i2c.o(i.I2C_Slave_ISR_DMA) refers to stm32f0xx_hal_i2c.o(i.I2C_ITAddrCplt) for I2C_ITAddrCplt
    stm32f0xx_hal_i2c.o(i.I2C_Slave_ISR_IT) refers to stm32f0xx_hal_i2c.o(i.I2C_ITSlaveCplt) for I2C_ITSlaveCplt
    stm32f0xx_hal_i2c.o(i.I2C_Slave_ISR_IT) refers to stm32f0xx_hal_i2c.o(i.I2C_ITError) for I2C_ITError
    stm32f0xx_hal_i2c.o(i.I2C_Slave_ISR_IT) refers to stm32f0xx_hal_i2c.o(i.I2C_ITListenCplt) for I2C_ITListenCplt
    stm32f0xx_hal_i2c.o(i.I2C_Slave_ISR_IT) refers to stm32f0xx_hal_i2c.o(i.I2C_Flush_TXDR) for I2C_Flush_TXDR
    stm32f0xx_hal_i2c.o(i.I2C_Slave_ISR_IT) refers to stm32f0xx_hal_i2c.o(i.I2C_ITAddrCplt) for I2C_ITAddrCplt
    stm32f0xx_hal_i2c.o(i.I2C_Slave_ISR_IT) refers to stm32f0xx_hal_i2c.o(i.I2C_ITSlaveSeqCplt) for I2C_ITSlaveSeqCplt
    stm32f0xx_hal_i2c.o(i.I2C_TreatErrorCallback) refers to stm32f0xx_hal_i2c.o(i.HAL_I2C_ErrorCallback) for HAL_I2C_ErrorCallback
    stm32f0xx_hal_i2c.o(i.I2C_TreatErrorCallback) refers to stm32f0xx_hal_i2c.o(i.HAL_I2C_AbortCpltCallback) for HAL_I2C_AbortCpltCallback
    stm32f0xx_hal_i2c.o(i.I2C_WaitOnFlagUntilTimeout) refers to stm32f0xx_hal.o(i.HAL_GetTick) for HAL_GetTick
    stm32f0xx_hal_i2c.o(i.I2C_WaitOnRXNEFlagUntilTimeout) refers to stm32f0xx_hal_i2c.o(i.I2C_IsAcknowledgeFailed) for I2C_IsAcknowledgeFailed
    stm32f0xx_hal_i2c.o(i.I2C_WaitOnRXNEFlagUntilTimeout) refers to stm32f0xx_hal.o(i.HAL_GetTick) for HAL_GetTick
    stm32f0xx_hal_i2c.o(i.I2C_WaitOnSTOPFlagUntilTimeout) refers to stm32f0xx_hal_i2c.o(i.I2C_IsAcknowledgeFailed) for I2C_IsAcknowledgeFailed
    stm32f0xx_hal_i2c.o(i.I2C_WaitOnSTOPFlagUntilTimeout) refers to stm32f0xx_hal.o(i.HAL_GetTick) for HAL_GetTick
    stm32f0xx_hal_i2c.o(i.I2C_WaitOnTXISFlagUntilTimeout) refers to stm32f0xx_hal_i2c.o(i.I2C_IsAcknowledgeFailed) for I2C_IsAcknowledgeFailed
    stm32f0xx_hal_i2c.o(i.I2C_WaitOnTXISFlagUntilTimeout) refers to stm32f0xx_hal.o(i.HAL_GetTick) for HAL_GetTick
    stm32f0xx_hal_gpio.o(i.HAL_GPIO_EXTI_IRQHandler) refers to main.o(i.HAL_GPIO_EXTI_Callback) for HAL_GPIO_EXTI_Callback
    stm32f0xx_hal_dma.o(i.DMA_CalcBaseAndBitshift) refers to uidiv.o(.text) for __aeabi_uidivmod
    stm32f0xx_hal_dma.o(i.HAL_DMA_DeInit) refers to stm32f0xx_hal_dma.o(i.DMA_CalcBaseAndBitshift) for DMA_CalcBaseAndBitshift
    stm32f0xx_hal_dma.o(i.HAL_DMA_Init) refers to stm32f0xx_hal_dma.o(i.DMA_CalcBaseAndBitshift) for DMA_CalcBaseAndBitshift
    stm32f0xx_hal_dma.o(i.HAL_DMA_PollForTransfer) refers to stm32f0xx_hal.o(i.HAL_GetTick) for HAL_GetTick
    stm32f0xx_hal_dma.o(i.HAL_DMA_Start) refers to stm32f0xx_hal_dma.o(i.DMA_SetConfig) for DMA_SetConfig
    stm32f0xx_hal_dma.o(i.HAL_DMA_Start_IT) refers to stm32f0xx_hal_dma.o(i.DMA_SetConfig) for DMA_SetConfig
    stm32f0xx_hal_dma.o(i.HAL_DMA_UnRegisterCallback) refers to stm32f0xx_hal_dma.o(i.__ARM_common_switch8) for __ARM_common_switch8
    stm32f0xx_hal_cortex.o(i.HAL_NVIC_SetPriority) refers to stm32f0xx_hal_cortex.o(i.__NVIC_SetPriority) for __NVIC_SetPriority
    stm32f0xx_hal_cortex.o(i.HAL_SYSTICK_Config) refers to stm32f0xx_hal_cortex.o(i.__NVIC_SetPriority) for __NVIC_SetPriority
    stm32f0xx_hal_cortex.o(i.HAL_SYSTICK_IRQHandler) refers to stm32f0xx_hal_cortex.o(i.HAL_SYSTICK_Callback) for HAL_SYSTICK_Callback
    stm32f0xx_hal_flash.o(i.FLASH_Program_HalfWord) refers to stm32f0xx_hal_flash.o(.bss) for .bss
    stm32f0xx_hal_flash.o(i.FLASH_SetErrorCode) refers to stm32f0xx_hal_flash.o(.bss) for .bss
    stm32f0xx_hal_flash.o(i.FLASH_WaitForLastOperation) refers to stm32f0xx_hal.o(i.HAL_GetTick) for HAL_GetTick
    stm32f0xx_hal_flash.o(i.FLASH_WaitForLastOperation) refers to stm32f0xx_hal_flash.o(i.FLASH_SetErrorCode) for FLASH_SetErrorCode
    stm32f0xx_hal_flash.o(i.HAL_FLASH_GetError) refers to stm32f0xx_hal_flash.o(.bss) for .bss
    stm32f0xx_hal_flash.o(i.HAL_FLASH_IRQHandler) refers to stm32f0xx_hal_flash.o(i.FLASH_SetErrorCode) for FLASH_SetErrorCode
    stm32f0xx_hal_flash.o(i.HAL_FLASH_IRQHandler) refers to stm32f0xx_hal_flash.o(i.HAL_FLASH_OperationErrorCallback) for HAL_FLASH_OperationErrorCallback
    stm32f0xx_hal_flash.o(i.HAL_FLASH_IRQHandler) refers to stm32f0xx_hal_flash.o(i.FLASH_Program_HalfWord) for FLASH_Program_HalfWord
    stm32f0xx_hal_flash.o(i.HAL_FLASH_IRQHandler) refers to stm32f0xx_hal_flash.o(i.HAL_FLASH_EndOfOperationCallback) for HAL_FLASH_EndOfOperationCallback
    stm32f0xx_hal_flash.o(i.HAL_FLASH_IRQHandler) refers to stm32f0xx_hal_flash_ex.o(i.FLASH_PageErase) for FLASH_PageErase
    stm32f0xx_hal_flash.o(i.HAL_FLASH_IRQHandler) refers to stm32f0xx_hal_flash.o(.bss) for .bss
    stm32f0xx_hal_flash.o(i.HAL_FLASH_OB_Launch) refers to stm32f0xx_hal_flash.o(i.FLASH_WaitForLastOperation) for FLASH_WaitForLastOperation
    stm32f0xx_hal_flash.o(i.HAL_FLASH_Program) refers to stm32f0xx_hal_flash.o(i.FLASH_WaitForLastOperation) for FLASH_WaitForLastOperation
    stm32f0xx_hal_flash.o(i.HAL_FLASH_Program) refers to llushr.o(.text) for __aeabi_llsr
    stm32f0xx_hal_flash.o(i.HAL_FLASH_Program) refers to stm32f0xx_hal_flash.o(i.FLASH_Program_HalfWord) for FLASH_Program_HalfWord
    stm32f0xx_hal_flash.o(i.HAL_FLASH_Program) refers to stm32f0xx_hal_flash.o(.bss) for .bss
    stm32f0xx_hal_flash.o(i.HAL_FLASH_Program_IT) refers to stm32f0xx_hal_flash.o(i.FLASH_Program_HalfWord) for FLASH_Program_HalfWord
    stm32f0xx_hal_flash.o(i.HAL_FLASH_Program_IT) refers to stm32f0xx_hal_flash.o(.bss) for .bss
    stm32f0xx_hal_flash_ex.o(i.FLASH_MassErase) refers to stm32f0xx_hal_flash.o(.bss) for pFlash
    stm32f0xx_hal_flash_ex.o(i.FLASH_OB_RDP_LevelConfig) refers to stm32f0xx_hal_flash.o(i.FLASH_WaitForLastOperation) for FLASH_WaitForLastOperation
    stm32f0xx_hal_flash_ex.o(i.FLASH_OB_RDP_LevelConfig) refers to stm32f0xx_hal_flash.o(.bss) for pFlash
    stm32f0xx_hal_flash_ex.o(i.FLASH_PageErase) refers to stm32f0xx_hal_flash.o(.bss) for pFlash
    stm32f0xx_hal_flash_ex.o(i.HAL_FLASHEx_Erase) refers to stm32f0xx_hal_flash.o(i.FLASH_WaitForLastOperation) for FLASH_WaitForLastOperation
    stm32f0xx_hal_flash_ex.o(i.HAL_FLASHEx_Erase) refers to stm32f0xx_hal_flash_ex.o(i.FLASH_MassErase) for FLASH_MassErase
    stm32f0xx_hal_flash_ex.o(i.HAL_FLASHEx_Erase) refers to stm32f0xx_hal_flash_ex.o(i.FLASH_PageErase) for FLASH_PageErase
    stm32f0xx_hal_flash_ex.o(i.HAL_FLASHEx_Erase) refers to stm32f0xx_hal_flash.o(.bss) for pFlash
    stm32f0xx_hal_flash_ex.o(i.HAL_FLASHEx_Erase_IT) refers to stm32f0xx_hal_flash_ex.o(i.FLASH_PageErase) for FLASH_PageErase
    stm32f0xx_hal_flash_ex.o(i.HAL_FLASHEx_Erase_IT) refers to stm32f0xx_hal_flash_ex.o(i.FLASH_MassErase) for FLASH_MassErase
    stm32f0xx_hal_flash_ex.o(i.HAL_FLASHEx_Erase_IT) refers to stm32f0xx_hal_flash.o(.bss) for pFlash
    stm32f0xx_hal_flash_ex.o(i.HAL_FLASHEx_OBErase) refers to stm32f0xx_hal_flash_ex.o(i.FLASH_OB_GetRDP) for FLASH_OB_GetRDP
    stm32f0xx_hal_flash_ex.o(i.HAL_FLASHEx_OBErase) refers to stm32f0xx_hal_flash.o(i.FLASH_WaitForLastOperation) for FLASH_WaitForLastOperation
    stm32f0xx_hal_flash_ex.o(i.HAL_FLASHEx_OBErase) refers to stm32f0xx_hal_flash_ex.o(i.FLASH_OB_RDP_LevelConfig) for FLASH_OB_RDP_LevelConfig
    stm32f0xx_hal_flash_ex.o(i.HAL_FLASHEx_OBErase) refers to stm32f0xx_hal_flash.o(.bss) for pFlash
    stm32f0xx_hal_flash_ex.o(i.HAL_FLASHEx_OBGetConfig) refers to stm32f0xx_hal_flash_ex.o(i.FLASH_OB_GetRDP) for FLASH_OB_GetRDP
    stm32f0xx_hal_flash_ex.o(i.HAL_FLASHEx_OBProgram) refers to stm32f0xx_hal_flash.o(i.FLASH_WaitForLastOperation) for FLASH_WaitForLastOperation
    stm32f0xx_hal_flash_ex.o(i.HAL_FLASHEx_OBProgram) refers to stm32f0xx_hal_flash_ex.o(i.HAL_FLASHEx_OBErase) for HAL_FLASHEx_OBErase
    stm32f0xx_hal_flash_ex.o(i.HAL_FLASHEx_OBProgram) refers to stm32f0xx_hal_flash_ex.o(i.FLASH_OB_RDP_LevelConfig) for FLASH_OB_RDP_LevelConfig
    stm32f0xx_hal_flash_ex.o(i.HAL_FLASHEx_OBProgram) refers to stm32f0xx_hal_flash.o(.bss) for pFlash
    system_stm32f0xx.o(i.SystemCoreClockUpdate) refers to uidiv.o(.text) for __aeabi_uidivmod
    system_stm32f0xx.o(i.SystemCoreClockUpdate) refers to system_stm32f0xx.o(.data) for .data
    system_stm32f0xx.o(i.SystemCoreClockUpdate) refers to system_stm32f0xx.o(.constdata) for .constdata
    ili9341.o(i.ILI9341_APP_Init) refers to ili9341.o(i.ILI9341_WR_REG) for ILI9341_WR_REG
    ili9341.o(i.ILI9341_APP_Init) refers to ili9341.o(i.ILI9341_WR_ComData) for ILI9341_WR_ComData
    ili9341.o(i.ILI9341_APP_Init) refers to stm32f0xx_hal.o(i.HAL_Delay) for HAL_Delay
    ili9341.o(i.ILI9341_Address_Set) refers to ili9341.o(i.ILI9341_WR_REG) for ILI9341_WR_REG
    ili9341.o(i.ILI9341_Address_Set) refers to ili9341.o(i.ILI9341_WR_ComData) for ILI9341_WR_ComData
    ili9341.o(i.ILI9341_Board_Init) refers to stm32f0xx_hal_gpio.o(i.HAL_GPIO_Init) for HAL_GPIO_Init
    ili9341.o(i.ILI9341_Board_Init) refers to stm32f0xx_hal_gpio.o(i.HAL_GPIO_WritePin) for HAL_GPIO_WritePin
    ili9341.o(i.ILI9341_Board_Init) refers to stm32f0xx_hal.o(i.HAL_Delay) for HAL_Delay
    ili9341.o(i.ILI9341_ClearScreen) refers to ili9341.o(i.ILI9341_Address_Set) for ILI9341_Address_Set
    ili9341.o(i.ILI9341_ClearScreen) refers to ili9341.o(i.ILI9341_WR_Data8) for ILI9341_WR_Data8
    ili9341.o(i.ILI9341_DataPort_IN) refers to stm32f0xx_hal_gpio.o(i.HAL_GPIO_Init) for HAL_GPIO_Init
    ili9341.o(i.ILI9341_DataPort_OUT) refers to stm32f0xx_hal_gpio.o(i.HAL_GPIO_Init) for HAL_GPIO_Init
    ili9341.o(i.ILI9341_WR_ComData) refers to stm32f0xx_hal_gpio.o(i.HAL_GPIO_WritePin) for HAL_GPIO_WritePin
    ili9341.o(i.ILI9341_WR_ComData) refers to ili9341.o(i.ILI9341_Write_ComBus) for ILI9341_Write_ComBus
    ili9341.o(i.ILI9341_WR_Data) refers to stm32f0xx_hal_gpio.o(i.HAL_GPIO_WritePin) for HAL_GPIO_WritePin
    ili9341.o(i.ILI9341_WR_Data) refers to ili9341.o(i.ILI9341_Write_ColorBus) for ILI9341_Write_ColorBus
    ili9341.o(i.ILI9341_WR_Data8) refers to stm32f0xx_hal_gpio.o(i.HAL_GPIO_WritePin) for HAL_GPIO_WritePin
    ili9341.o(i.ILI9341_WR_Data8) refers to ili9341.o(i.ILI9341_Write_ColorBus) for ILI9341_Write_ColorBus
    ili9341.o(i.ILI9341_WR_REG) refers to stm32f0xx_hal_gpio.o(i.HAL_GPIO_WritePin) for HAL_GPIO_WritePin
    ili9341.o(i.ILI9341_WR_REG) refers to ili9341.o(i.ILI9341_Write_ComBus) for ILI9341_Write_ComBus
    ili9341.o(i.ILI9341_WR_REG_DATA) refers to ili9341.o(i.ILI9341_WR_REG) for ILI9341_WR_REG
    ili9341.o(i.ILI9341_WR_REG_DATA) refers to ili9341.o(i.ILI9341_WR_ComData) for ILI9341_WR_ComData
    ili9341.o(i.ILI9341_Write_ColorBus) refers to stm32f0xx_hal_gpio.o(i.HAL_GPIO_WritePin) for HAL_GPIO_WritePin
    ili9341.o(i.ILI9341_Write_ComBus) refers to stm32f0xx_hal_gpio.o(i.HAL_GPIO_WritePin) for HAL_GPIO_WritePin
    ili9341.o(i.TftClear) refers to ili9341.o(i.TftWrite) for TftWrite
    ili9341.o(i.TftClear) refers to ili9341.o(i.TftWrite16) for TftWrite16
    ili9341.o(i.TftClear) refers to ili9341.o(i.Tft_WR_DATA16) for Tft_WR_DATA16
    ili9341.o(i.TftWrite) refers to stm32f0xx_hal_gpio.o(i.HAL_GPIO_WritePin) for HAL_GPIO_WritePin
    ili9341.o(i.TftWrite16) refers to stm32f0xx_hal_gpio.o(i.HAL_GPIO_WritePin) for HAL_GPIO_WritePin
    ili9341.o(i.Tft_Init) refers to stm32f0xx_hal_gpio.o(i.HAL_GPIO_WritePin) for HAL_GPIO_WritePin
    ili9341.o(i.Tft_Init) refers to stm32f0xx_hal.o(i.HAL_Delay) for HAL_Delay
    ili9341.o(i.Tft_Init) refers to ili9341.o(i.TftWrite) for TftWrite
    ili9341.o(i.Tft_SetBackground) refers to ili9341.o(i.Tft_SetCursor) for Tft_SetCursor
    ili9341.o(i.Tft_SetBackground) refers to ili9341.o(i.TftWrite) for TftWrite
    ili9341.o(i.Tft_SetCursor) refers to ili9341.o(i.TftWrite) for TftWrite
    ili9341.o(i.Tft_WR_DATA16) refers to stm32f0xx_hal_gpio.o(i.HAL_GPIO_WritePin) for HAL_GPIO_WritePin
    ov7670.o(i.OV7670_Init) refers to sccb.o(i.SCCB_Init) for SCCB_Init
    ov7670.o(i.OV7670_Init) refers to stm32f0xx_hal.o(i.HAL_Delay) for HAL_Delay
    ov7670.o(i.OV7670_Init) refers to ov7670.o(i.OV7670_WR_Reg) for OV7670_WR_Reg
    ov7670.o(i.OV7670_Init) refers to ov7670.o(i.Set_Cmos7670Reg) for Set_Cmos7670Reg
    ov7670.o(i.OV7670_WR_Reg) refers to sccb.o(i.SCCB_Start) for SCCB_Start
    ov7670.o(i.OV7670_WR_Reg) refers to sccb.o(i.SCCB_WR_Byte) for SCCB_WR_Byte
    ov7670.o(i.OV7670_WR_Reg) refers to ov7670.o(i.OV7670_Delay) for OV7670_Delay
    ov7670.o(i.OV7670_WR_Reg) refers to sccb.o(i.SCCB_Stop) for SCCB_Stop
    ov7670.o(i.Set_Cmos7670Reg) refers to ov7670.o(i.OV7670_WR_Reg) for OV7670_WR_Reg
    sccb.o(i.SCCB_Init) refers to stm32f0xx_hal_gpio.o(i.HAL_GPIO_Init) for HAL_GPIO_Init
    sccb.o(i.SCCB_Init) refers to stm32f0xx_hal_gpio.o(i.HAL_GPIO_WritePin) for HAL_GPIO_WritePin
    sccb.o(i.SCCB_No_Ack) refers to sccb.o(i.SCCB_Delay) for SCCB_Delay
    sccb.o(i.SCCB_No_Ack) refers to stm32f0xx_hal_gpio.o(i.HAL_GPIO_WritePin) for HAL_GPIO_WritePin
    sccb.o(i.SCCB_RD_Byte) refers to sccb.o(i.SCCB_SDA_IN) for SCCB_SDA_IN
    sccb.o(i.SCCB_RD_Byte) refers to sccb.o(i.SCCB_Delay) for SCCB_Delay
    sccb.o(i.SCCB_RD_Byte) refers to stm32f0xx_hal_gpio.o(i.HAL_GPIO_WritePin) for HAL_GPIO_WritePin
    sccb.o(i.SCCB_RD_Byte) refers to stm32f0xx_hal_gpio.o(i.HAL_GPIO_ReadPin) for HAL_GPIO_ReadPin
    sccb.o(i.SCCB_RD_Byte) refers to sccb.o(i.SCCB_SDA_OUT) for SCCB_SDA_OUT
    sccb.o(i.SCCB_SDA_IN) refers to stm32f0xx_hal_gpio.o(i.HAL_GPIO_WritePin) for HAL_GPIO_WritePin
    sccb.o(i.SCCB_SDA_IN) refers to stm32f0xx_hal_gpio.o(i.HAL_GPIO_Init) for HAL_GPIO_Init
    sccb.o(i.SCCB_SDA_OUT) refers to stm32f0xx_hal_gpio.o(i.HAL_GPIO_Init) for HAL_GPIO_Init
    sccb.o(i.SCCB_Start) refers to stm32f0xx_hal_gpio.o(i.HAL_GPIO_WritePin) for HAL_GPIO_WritePin
    sccb.o(i.SCCB_Start) refers to sccb.o(i.SCCB_Delay) for SCCB_Delay
    sccb.o(i.SCCB_Stop) refers to stm32f0xx_hal_gpio.o(i.HAL_GPIO_WritePin) for HAL_GPIO_WritePin
    sccb.o(i.SCCB_Stop) refers to sccb.o(i.SCCB_Delay) for SCCB_Delay
    sccb.o(i.SCCB_WR_Byte) refers to stm32f0xx_hal_gpio.o(i.HAL_GPIO_WritePin) for HAL_GPIO_WritePin
    sccb.o(i.SCCB_WR_Byte) refers to sccb.o(i.SCCB_Delay) for SCCB_Delay
    sccb.o(i.SCCB_WR_Byte) refers to sccb.o(i.SCCB_SDA_IN) for SCCB_SDA_IN
    sccb.o(i.SCCB_WR_Byte) refers to stm32f0xx_hal_gpio.o(i.HAL_GPIO_ReadPin) for HAL_GPIO_ReadPin
    sccb.o(i.SCCB_WR_Byte) refers to sccb.o(i.SCCB_SDA_OUT) for SCCB_SDA_OUT
    peephole.o(i.PeepHole_EXTI_Control) refers to stm32f0xx_hal_cortex.o(i.HAL_NVIC_EnableIRQ) for HAL_NVIC_EnableIRQ
    peephole.o(i.PeepHole_EXTI_Control) refers to stm32f0xx_hal_cortex.o(i.HAL_NVIC_DisableIRQ) for HAL_NVIC_DisableIRQ
    peephole.o(i.PeepHole_Init) refers to stm32f0xx_hal_gpio.o(i.HAL_GPIO_Init) for HAL_GPIO_Init
    peephole.o(i.PeepHole_Init) refers to stm32f0xx_hal_cortex.o(i.HAL_NVIC_SetPriority) for HAL_NVIC_SetPriority
    peephole.o(i.PeepHole_Init) refers to stm32f0xx_hal_cortex.o(i.HAL_NVIC_DisableIRQ) for HAL_NVIC_DisableIRQ
    peephole.o(i.PeepHole_Init) refers to peephole.o(i.PeepHole_EXTI_Control) for PeepHole_EXTI_Control
    peephole.o(i.PeepHole_Init) refers to peephole.o(i.PeepHole_OV_2_LCD_Control) for PeepHole_OV_2_LCD_Control
    peephole.o(i.PeepHole_Init) refers to peephole.o(i.PeepHole_LCD_WR_Control) for PeepHole_LCD_WR_Control
    peephole.o(i.PeepHole_Init) refers to peephole.o(i.PeepHole_Power_Control) for PeepHole_Power_Control
    peephole.o(i.PeepHole_LCD_WR_Control) refers to stm32f0xx_hal_gpio.o(i.HAL_GPIO_WritePin) for HAL_GPIO_WritePin
    peephole.o(i.PeepHole_OV_2_LCD_Control) refers to stm32f0xx_hal_gpio.o(i.HAL_GPIO_WritePin) for HAL_GPIO_WritePin
    peephole.o(i.PeepHole_OV_VSYNC_EXTI_Callback) refers to peephole.o(i.PeepHole_EXTI_Control) for PeepHole_EXTI_Control
    peephole.o(i.PeepHole_OV_VSYNC_EXTI_Callback) refers to ili9341.o(i.ILI9341_DataPort_OUT) for ILI9341_DataPort_OUT
    peephole.o(i.PeepHole_OV_VSYNC_EXTI_Callback) refers to stm32f0xx_hal_gpio.o(i.HAL_GPIO_WritePin) for HAL_GPIO_WritePin
    peephole.o(i.PeepHole_OV_VSYNC_EXTI_Callback) refers to ili9341.o(i.TftWrite) for TftWrite
    peephole.o(i.PeepHole_OV_VSYNC_EXTI_Callback) refers to ili9341.o(i.TftWrite16) for TftWrite16
    peephole.o(i.PeepHole_OV_VSYNC_EXTI_Callback) refers to ili9341.o(i.ILI9341_DataPort_IN) for ILI9341_DataPort_IN
    peephole.o(i.PeepHole_Power_Control) refers to stm32f0xx_hal_gpio.o(i.HAL_GPIO_WritePin) for HAL_GPIO_WritePin
    entry.o(.ARM.Collect$$$$00000000) refers (Special) to entry10a.o(.ARM.Collect$$$$0000000D) for __rt_final_cpp
    entry.o(.ARM.Collect$$$$00000000) refers (Special) to entry11a.o(.ARM.Collect$$$$0000000F) for __rt_final_exit
    entry.o(.ARM.Collect$$$$00000000) refers (Special) to entry7b.o(.ARM.Collect$$$$00000008) for _main_clock
    entry.o(.ARM.Collect$$$$00000000) refers (Special) to entry8b.o(.ARM.Collect$$$$0000000A) for _main_cpp_init
    entry.o(.ARM.Collect$$$$00000000) refers (Special) to entry9a.o(.ARM.Collect$$$$0000000B) for _main_init
    entry.o(.ARM.Collect$$$$00000000) refers (Special) to entry5.o(.ARM.Collect$$$$00000004) for _main_scatterload
    entry.o(.ARM.Collect$$$$00000000) refers (Special) to entry2.o(.ARM.Collect$$$$00000001) for _main_stk
    uldiv.o(.text) refers to llushr.o(.text) for __aeabi_llsr
    uldiv.o(.text) refers to llshl.o(.text) for __aeabi_llsl
    entry2.o(.ARM.Collect$$$$00000001) refers to entry2.o(.ARM.Collect$$$$00002712) for __lit__00000000
    entry2.o(.ARM.Collect$$$$00002712) refers to startup_stm32f030x6.o(STACK) for __initial_sp
    entry2.o(__vectab_stack_and_reset_area) refers to startup_stm32f030x6.o(STACK) for __initial_sp
    entry2.o(__vectab_stack_and_reset_area) refers to entry.o(.ARM.Collect$$$$00000000) for __main
    entry5.o(.ARM.Collect$$$$00000004) refers to init.o(.text) for __scatterload
    entry9a.o(.ARM.Collect$$$$0000000B) refers to main.o(i.main) for main
    entry9b.o(.ARM.Collect$$$$0000000C) refers to main.o(i.main) for main
    init.o(.text) refers to entry5.o(.ARM.Collect$$$$00000004) for __main_after_scatterload


==============================================================================

Removing Unused input sections from the image.

    Removing startup_stm32f030x6.o(HEAP), (512 bytes).
    Removing main.o(.rev16_text), (4 bytes).
    Removing main.o(.revsh_text), (4 bytes).
    Removing main.o(i.Error_Handler), (2 bytes).
    Removing stm32f0xx_it.o(.rev16_text), (4 bytes).
    Removing stm32f0xx_it.o(.revsh_text), (4 bytes).
    Removing stm32f0xx_hal_msp.o(.rev16_text), (4 bytes).
    Removing stm32f0xx_hal_msp.o(.revsh_text), (4 bytes).
    Removing stm32f0xx_hal_tim.o(.rev16_text), (4 bytes).
    Removing stm32f0xx_hal_tim.o(.revsh_text), (4 bytes).
    Removing stm32f0xx_hal_tim_ex.o(.rev16_text), (4 bytes).
    Removing stm32f0xx_hal_tim_ex.o(.revsh_text), (4 bytes).
    Removing stm32f0xx_hal_rcc.o(.rev16_text), (4 bytes).
    Removing stm32f0xx_hal_rcc.o(.revsh_text), (4 bytes).
    Removing stm32f0xx_hal_rcc.o(i.HAL_RCC_CSSCallback), (2 bytes).
    Removing stm32f0xx_hal_rcc.o(i.HAL_RCC_DeInit), (188 bytes).
    Removing stm32f0xx_hal_rcc.o(i.HAL_RCC_DisableCSS), (20 bytes).
    Removing stm32f0xx_hal_rcc.o(i.HAL_RCC_EnableCSS), (20 bytes).
    Removing stm32f0xx_hal_rcc.o(i.HAL_RCC_GetClockConfig), (56 bytes).
    Removing stm32f0xx_hal_rcc.o(i.HAL_RCC_GetHCLKFreq), (12 bytes).
    Removing stm32f0xx_hal_rcc.o(i.HAL_RCC_GetOscConfig), (156 bytes).
    Removing stm32f0xx_hal_rcc.o(i.HAL_RCC_GetPCLK1Freq), (32 bytes).
    Removing stm32f0xx_hal_rcc.o(i.HAL_RCC_MCOConfig), (80 bytes).
    Removing stm32f0xx_hal_rcc.o(i.HAL_RCC_NMI_IRQHandler), (24 bytes).
    Removing stm32f0xx_hal_rcc_ex.o(.rev16_text), (4 bytes).
    Removing stm32f0xx_hal_rcc_ex.o(.revsh_text), (4 bytes).
    Removing stm32f0xx_hal_rcc_ex.o(i.HAL_RCCEx_GetPeriphCLKConfig), (44 bytes).
    Removing stm32f0xx_hal_rcc_ex.o(i.HAL_RCCEx_GetPeriphCLKFreq), (156 bytes).
    Removing stm32f0xx_hal_rcc_ex.o(i.HAL_RCCEx_PeriphCLKConfig), (232 bytes).
    Removing stm32f0xx_hal.o(.rev16_text), (4 bytes).
    Removing stm32f0xx_hal.o(.revsh_text), (4 bytes).
    Removing stm32f0xx_hal.o(i.HAL_DBGMCU_DisableDBGStandbyMode), (16 bytes).
    Removing stm32f0xx_hal.o(i.HAL_DBGMCU_DisableDBGStopMode), (16 bytes).
    Removing stm32f0xx_hal.o(i.HAL_DBGMCU_EnableDBGStandbyMode), (16 bytes).
    Removing stm32f0xx_hal.o(i.HAL_DBGMCU_EnableDBGStopMode), (16 bytes).
    Removing stm32f0xx_hal.o(i.HAL_DeInit), (36 bytes).
    Removing stm32f0xx_hal.o(i.HAL_GetDEVID), (16 bytes).
    Removing stm32f0xx_hal.o(i.HAL_GetHalVersion), (8 bytes).
    Removing stm32f0xx_hal.o(i.HAL_GetREVID), (12 bytes).
    Removing stm32f0xx_hal.o(i.HAL_GetTickFreq), (12 bytes).
    Removing stm32f0xx_hal.o(i.HAL_GetTickPrio), (12 bytes).
    Removing stm32f0xx_hal.o(i.HAL_GetUIDw0), (12 bytes).
    Removing stm32f0xx_hal.o(i.HAL_GetUIDw1), (12 bytes).
    Removing stm32f0xx_hal.o(i.HAL_GetUIDw2), (12 bytes).
    Removing stm32f0xx_hal.o(i.HAL_MspDeInit), (2 bytes).
    Removing stm32f0xx_hal.o(i.HAL_MspInit), (2 bytes).
    Removing stm32f0xx_hal.o(i.HAL_ResumeTick), (16 bytes).
    Removing stm32f0xx_hal.o(i.HAL_SetTickFreq), (36 bytes).
    Removing stm32f0xx_hal.o(i.HAL_SuspendTick), (16 bytes).
    Removing stm32f0xx_hal_i2c.o(.rev16_text), (4 bytes).
    Removing stm32f0xx_hal_i2c.o(.revsh_text), (4 bytes).
    Removing stm32f0xx_hal_i2c.o(i.HAL_I2C_AbortCpltCallback), (2 bytes).
    Removing stm32f0xx_hal_i2c.o(i.HAL_I2C_AddrCallback), (2 bytes).
    Removing stm32f0xx_hal_i2c.o(i.HAL_I2C_DeInit), (52 bytes).
    Removing stm32f0xx_hal_i2c.o(i.HAL_I2C_DisableListen_IT), (50 bytes).
    Removing stm32f0xx_hal_i2c.o(i.HAL_I2C_ER_IRQHandler), (94 bytes).
    Removing stm32f0xx_hal_i2c.o(i.HAL_I2C_EV_IRQHandler), (16 bytes).
    Removing stm32f0xx_hal_i2c.o(i.HAL_I2C_EnableListen_IT), (40 bytes).
    Removing stm32f0xx_hal_i2c.o(i.HAL_I2C_ErrorCallback), (2 bytes).
    Removing stm32f0xx_hal_i2c.o(i.HAL_I2C_GetError), (4 bytes).
    Removing stm32f0xx_hal_i2c.o(i.HAL_I2C_GetMode), (6 bytes).
    Removing stm32f0xx_hal_i2c.o(i.HAL_I2C_GetState), (6 bytes).
    Removing stm32f0xx_hal_i2c.o(i.HAL_I2C_Init), (180 bytes).
    Removing stm32f0xx_hal_i2c.o(i.HAL_I2C_IsDeviceReady), (288 bytes).
    Removing stm32f0xx_hal_i2c.o(i.HAL_I2C_ListenCpltCallback), (2 bytes).
    Removing stm32f0xx_hal_i2c.o(i.HAL_I2C_MasterRxCpltCallback), (2 bytes).
    Removing stm32f0xx_hal_i2c.o(i.HAL_I2C_MasterTxCpltCallback), (2 bytes).
    Removing stm32f0xx_hal_i2c.o(i.HAL_I2C_Master_Abort_IT), (112 bytes).
    Removing stm32f0xx_hal_i2c.o(i.HAL_I2C_Master_Receive), (272 bytes).
    Removing stm32f0xx_hal_i2c.o(i.HAL_I2C_Master_Receive_DMA), (280 bytes).
    Removing stm32f0xx_hal_i2c.o(i.HAL_I2C_Master_Receive_IT), (128 bytes).
    Removing stm32f0xx_hal_i2c.o(i.HAL_I2C_Master_Seq_Receive_DMA), (316 bytes).
    Removing stm32f0xx_hal_i2c.o(i.HAL_I2C_Master_Seq_Receive_IT), (156 bytes).
    Removing stm32f0xx_hal_i2c.o(i.HAL_I2C_Master_Seq_Transmit_DMA), (312 bytes).
    Removing stm32f0xx_hal_i2c.o(i.HAL_I2C_Master_Seq_Transmit_IT), (156 bytes).
    Removing stm32f0xx_hal_i2c.o(i.HAL_I2C_Master_Transmit), (272 bytes).
    Removing stm32f0xx_hal_i2c.o(i.HAL_I2C_Master_Transmit_DMA), (284 bytes).
    Removing stm32f0xx_hal_i2c.o(i.HAL_I2C_Master_Transmit_IT), (128 bytes).
    Removing stm32f0xx_hal_i2c.o(i.HAL_I2C_MemRxCpltCallback), (2 bytes).
    Removing stm32f0xx_hal_i2c.o(i.HAL_I2C_MemTxCpltCallback), (2 bytes).
    Removing stm32f0xx_hal_i2c.o(i.HAL_I2C_Mem_Read), (340 bytes).
    Removing stm32f0xx_hal_i2c.o(i.HAL_I2C_Mem_Read_DMA), (288 bytes).
    Removing stm32f0xx_hal_i2c.o(i.HAL_I2C_Mem_Read_IT), (188 bytes).
    Removing stm32f0xx_hal_i2c.o(i.HAL_I2C_Mem_Write), (332 bytes).
    Removing stm32f0xx_hal_i2c.o(i.HAL_I2C_Mem_Write_DMA), (280 bytes).
    Removing stm32f0xx_hal_i2c.o(i.HAL_I2C_Mem_Write_IT), (180 bytes).
    Removing stm32f0xx_hal_i2c.o(i.HAL_I2C_MspDeInit), (2 bytes).
    Removing stm32f0xx_hal_i2c.o(i.HAL_I2C_MspInit), (2 bytes).
    Removing stm32f0xx_hal_i2c.o(i.HAL_I2C_SlaveRxCpltCallback), (2 bytes).
    Removing stm32f0xx_hal_i2c.o(i.HAL_I2C_SlaveTxCpltCallback), (2 bytes).
    Removing stm32f0xx_hal_i2c.o(i.HAL_I2C_Slave_Receive), (276 bytes).
    Removing stm32f0xx_hal_i2c.o(i.HAL_I2C_Slave_Receive_DMA), (200 bytes).
    Removing stm32f0xx_hal_i2c.o(i.HAL_I2C_Slave_Receive_IT), (88 bytes).
    Removing stm32f0xx_hal_i2c.o(i.HAL_I2C_Slave_Seq_Receive_DMA), (364 bytes).
    Removing stm32f0xx_hal_i2c.o(i.HAL_I2C_Slave_Seq_Receive_IT), (204 bytes).
    Removing stm32f0xx_hal_i2c.o(i.HAL_I2C_Slave_Seq_Transmit_DMA), (368 bytes).
    Removing stm32f0xx_hal_i2c.o(i.HAL_I2C_Slave_Seq_Transmit_IT), (208 bytes).
    Removing stm32f0xx_hal_i2c.o(i.HAL_I2C_Slave_Transmit), (294 bytes).
    Removing stm32f0xx_hal_i2c.o(i.HAL_I2C_Slave_Transmit_DMA), (196 bytes).
    Removing stm32f0xx_hal_i2c.o(i.HAL_I2C_Slave_Transmit_IT), (88 bytes).
    Removing stm32f0xx_hal_i2c.o(i.I2C_ConvertOtherXferOptions), (28 bytes).
    Removing stm32f0xx_hal_i2c.o(i.I2C_DMAAbort), (28 bytes).
    Removing stm32f0xx_hal_i2c.o(i.I2C_DMAError), (24 bytes).
    Removing stm32f0xx_hal_i2c.o(i.I2C_DMAMasterReceiveCplt), (84 bytes).
    Removing stm32f0xx_hal_i2c.o(i.I2C_DMAMasterTransmitCplt), (84 bytes).
    Removing stm32f0xx_hal_i2c.o(i.I2C_DMASlaveReceiveCplt), (42 bytes).
    Removing stm32f0xx_hal_i2c.o(i.I2C_DMASlaveTransmitCplt), (36 bytes).
    Removing stm32f0xx_hal_i2c.o(i.I2C_Disable_IRQ), (82 bytes).
    Removing stm32f0xx_hal_i2c.o(i.I2C_Enable_IRQ), (92 bytes).
    Removing stm32f0xx_hal_i2c.o(i.I2C_Flush_TXDR), (34 bytes).
    Removing stm32f0xx_hal_i2c.o(i.I2C_ITAddrCplt), (124 bytes).
    Removing stm32f0xx_hal_i2c.o(i.I2C_ITError), (236 bytes).
    Removing stm32f0xx_hal_i2c.o(i.I2C_ITListenCplt), (104 bytes).
    Removing stm32f0xx_hal_i2c.o(i.I2C_ITMasterCplt), (216 bytes).
    Removing stm32f0xx_hal_i2c.o(i.I2C_ITMasterSeqCplt), (70 bytes).
    Removing stm32f0xx_hal_i2c.o(i.I2C_ITSlaveCplt), (316 bytes).
    Removing stm32f0xx_hal_i2c.o(i.I2C_ITSlaveSeqCplt), (106 bytes).
    Removing stm32f0xx_hal_i2c.o(i.I2C_IsAcknowledgeFailed), (112 bytes).
    Removing stm32f0xx_hal_i2c.o(i.I2C_Master_ISR_DMA), (268 bytes).
    Removing stm32f0xx_hal_i2c.o(i.I2C_Master_ISR_IT), (304 bytes).
    Removing stm32f0xx_hal_i2c.o(i.I2C_RequestMemoryRead), (96 bytes).
    Removing stm32f0xx_hal_i2c.o(i.I2C_RequestMemoryWrite), (96 bytes).
    Removing stm32f0xx_hal_i2c.o(i.I2C_Slave_ISR_DMA), (274 bytes).
    Removing stm32f0xx_hal_i2c.o(i.I2C_Slave_ISR_IT), (304 bytes).
    Removing stm32f0xx_hal_i2c.o(i.I2C_TransferConfig), (40 bytes).
    Removing stm32f0xx_hal_i2c.o(i.I2C_TreatErrorCallback), (38 bytes).
    Removing stm32f0xx_hal_i2c.o(i.I2C_WaitOnFlagUntilTimeout), (78 bytes).
    Removing stm32f0xx_hal_i2c.o(i.I2C_WaitOnRXNEFlagUntilTimeout), (128 bytes).
    Removing stm32f0xx_hal_i2c.o(i.I2C_WaitOnSTOPFlagUntilTimeout), (76 bytes).
    Removing stm32f0xx_hal_i2c.o(i.I2C_WaitOnTXISFlagUntilTimeout), (80 bytes).
    Removing stm32f0xx_hal_i2c_ex.o(.rev16_text), (4 bytes).
    Removing stm32f0xx_hal_i2c_ex.o(.revsh_text), (4 bytes).
    Removing stm32f0xx_hal_i2c_ex.o(i.HAL_I2CEx_ConfigAnalogFilter), (74 bytes).
    Removing stm32f0xx_hal_i2c_ex.o(i.HAL_I2CEx_ConfigDigitalFilter), (72 bytes).
    Removing stm32f0xx_hal_i2c_ex.o(i.HAL_I2CEx_DisableFastModePlus), (36 bytes).
    Removing stm32f0xx_hal_i2c_ex.o(i.HAL_I2CEx_EnableFastModePlus), (36 bytes).
    Removing stm32f0xx_hal_gpio.o(.rev16_text), (4 bytes).
    Removing stm32f0xx_hal_gpio.o(.revsh_text), (4 bytes).
    Removing stm32f0xx_hal_gpio.o(i.HAL_GPIO_DeInit), (212 bytes).
    Removing stm32f0xx_hal_gpio.o(i.HAL_GPIO_EXTI_Callback), (2 bytes).
    Removing stm32f0xx_hal_gpio.o(i.HAL_GPIO_LockPin), (36 bytes).
    Removing stm32f0xx_hal_gpio.o(i.HAL_GPIO_TogglePin), (16 bytes).
    Removing stm32f0xx_hal_dma.o(.rev16_text), (4 bytes).
    Removing stm32f0xx_hal_dma.o(.revsh_text), (4 bytes).
    Removing stm32f0xx_hal_dma.o(i.DMA_CalcBaseAndBitshift), (36 bytes).
    Removing stm32f0xx_hal_dma.o(i.DMA_SetConfig), (40 bytes).
    Removing stm32f0xx_hal_dma.o(i.HAL_DMA_Abort), (64 bytes).
    Removing stm32f0xx_hal_dma.o(i.HAL_DMA_Abort_IT), (72 bytes).
    Removing stm32f0xx_hal_dma.o(i.HAL_DMA_DeInit), (74 bytes).
    Removing stm32f0xx_hal_dma.o(i.HAL_DMA_GetError), (4 bytes).
    Removing stm32f0xx_hal_dma.o(i.HAL_DMA_GetState), (6 bytes).
    Removing stm32f0xx_hal_dma.o(i.HAL_DMA_IRQHandler), (156 bytes).
    Removing stm32f0xx_hal_dma.o(i.HAL_DMA_Init), (84 bytes).
    Removing stm32f0xx_hal_dma.o(i.HAL_DMA_PollForTransfer), (176 bytes).
    Removing stm32f0xx_hal_dma.o(i.HAL_DMA_RegisterCallback), (72 bytes).
    Removing stm32f0xx_hal_dma.o(i.HAL_DMA_Start), (74 bytes).
    Removing stm32f0xx_hal_dma.o(i.HAL_DMA_Start_IT), (106 bytes).
    Removing stm32f0xx_hal_dma.o(i.HAL_DMA_UnRegisterCallback), (78 bytes).
    Removing stm32f0xx_hal_cortex.o(.rev16_text), (4 bytes).
    Removing stm32f0xx_hal_cortex.o(.revsh_text), (4 bytes).
    Removing stm32f0xx_hal_cortex.o(i.HAL_NVIC_ClearPendingIRQ), (24 bytes).
    Removing stm32f0xx_hal_cortex.o(i.HAL_NVIC_GetPendingIRQ), (32 bytes).
    Removing stm32f0xx_hal_cortex.o(i.HAL_NVIC_GetPriority), (52 bytes).
    Removing stm32f0xx_hal_cortex.o(i.HAL_NVIC_SetPendingIRQ), (24 bytes).
    Removing stm32f0xx_hal_cortex.o(i.HAL_NVIC_SystemReset), (28 bytes).
    Removing stm32f0xx_hal_cortex.o(i.HAL_SYSTICK_CLKSourceConfig), (24 bytes).
    Removing stm32f0xx_hal_cortex.o(i.HAL_SYSTICK_Callback), (2 bytes).
    Removing stm32f0xx_hal_cortex.o(i.HAL_SYSTICK_IRQHandler), (8 bytes).
    Removing stm32f0xx_hal_pwr.o(.rev16_text), (4 bytes).
    Removing stm32f0xx_hal_pwr.o(.revsh_text), (4 bytes).
    Removing stm32f0xx_hal_pwr.o(i.HAL_PWR_DeInit), (24 bytes).
    Removing stm32f0xx_hal_pwr.o(i.HAL_PWR_DisableBkUpAccess), (16 bytes).
    Removing stm32f0xx_hal_pwr.o(i.HAL_PWR_DisableSEVOnPend), (16 bytes).
    Removing stm32f0xx_hal_pwr.o(i.HAL_PWR_DisableSleepOnExit), (16 bytes).
    Removing stm32f0xx_hal_pwr.o(i.HAL_PWR_DisableWakeUpPin), (16 bytes).
    Removing stm32f0xx_hal_pwr.o(i.HAL_PWR_EnableBkUpAccess), (16 bytes).
    Removing stm32f0xx_hal_pwr.o(i.HAL_PWR_EnableSEVOnPend), (16 bytes).
    Removing stm32f0xx_hal_pwr.o(i.HAL_PWR_EnableSleepOnExit), (16 bytes).
    Removing stm32f0xx_hal_pwr.o(i.HAL_PWR_EnableWakeUpPin), (16 bytes).
    Removing stm32f0xx_hal_pwr.o(i.HAL_PWR_EnterSLEEPMode), (32 bytes).
    Removing stm32f0xx_hal_pwr.o(i.HAL_PWR_EnterSTANDBYMode), (32 bytes).
    Removing stm32f0xx_hal_pwr.o(i.HAL_PWR_EnterSTOPMode), (52 bytes).
    Removing stm32f0xx_hal_pwr_ex.o(.rev16_text), (4 bytes).
    Removing stm32f0xx_hal_pwr_ex.o(.revsh_text), (4 bytes).
    Removing stm32f0xx_hal_flash.o(.rev16_text), (4 bytes).
    Removing stm32f0xx_hal_flash.o(.revsh_text), (4 bytes).
    Removing stm32f0xx_hal_flash.o(i.FLASH_Program_HalfWord), (32 bytes).
    Removing stm32f0xx_hal_flash.o(i.FLASH_SetErrorCode), (56 bytes).
    Removing stm32f0xx_hal_flash.o(i.FLASH_WaitForLastOperation), (80 bytes).
    Removing stm32f0xx_hal_flash.o(i.HAL_FLASH_EndOfOperationCallback), (2 bytes).
    Removing stm32f0xx_hal_flash.o(i.HAL_FLASH_GetError), (12 bytes).
    Removing stm32f0xx_hal_flash.o(i.HAL_FLASH_IRQHandler), (268 bytes).
    Removing stm32f0xx_hal_flash.o(i.HAL_FLASH_Lock), (20 bytes).
    Removing stm32f0xx_hal_flash.o(i.HAL_FLASH_OB_Launch), (32 bytes).
    Removing stm32f0xx_hal_flash.o(i.HAL_FLASH_OB_Lock), (20 bytes).
    Removing stm32f0xx_hal_flash.o(i.HAL_FLASH_OB_Unlock), (36 bytes).
    Removing stm32f0xx_hal_flash.o(i.HAL_FLASH_OperationErrorCallback), (2 bytes).
    Removing stm32f0xx_hal_flash.o(i.HAL_FLASH_Program), (124 bytes).
    Removing stm32f0xx_hal_flash.o(i.HAL_FLASH_Program_IT), (100 bytes).
    Removing stm32f0xx_hal_flash.o(i.HAL_FLASH_Unlock), (40 bytes).
    Removing stm32f0xx_hal_flash.o(.bss), (32 bytes).
    Removing stm32f0xx_hal_flash_ex.o(.rev16_text), (4 bytes).
    Removing stm32f0xx_hal_flash_ex.o(.revsh_text), (4 bytes).
    Removing stm32f0xx_hal_flash_ex.o(i.FLASH_MassErase), (36 bytes).
    Removing stm32f0xx_hal_flash_ex.o(i.FLASH_OB_GetRDP), (32 bytes).
    Removing stm32f0xx_hal_flash_ex.o(i.FLASH_OB_RDP_LevelConfig), (96 bytes).
    Removing stm32f0xx_hal_flash_ex.o(i.FLASH_PageErase), (36 bytes).
    Removing stm32f0xx_hal_flash_ex.o(i.HAL_FLASHEx_Erase), (160 bytes).
    Removing stm32f0xx_hal_flash_ex.o(i.HAL_FLASHEx_Erase_IT), (88 bytes).
    Removing stm32f0xx_hal_flash_ex.o(i.HAL_FLASHEx_OBErase), (80 bytes).
    Removing stm32f0xx_hal_flash_ex.o(i.HAL_FLASHEx_OBGetConfig), (36 bytes).
    Removing stm32f0xx_hal_flash_ex.o(i.HAL_FLASHEx_OBGetUserData), (28 bytes).
    Removing stm32f0xx_hal_flash_ex.o(i.HAL_FLASHEx_OBProgram), (328 bytes).
    Removing stm32f0xx_hal_exti.o(.rev16_text), (4 bytes).
    Removing stm32f0xx_hal_exti.o(.revsh_text), (4 bytes).
    Removing stm32f0xx_hal_exti.o(i.HAL_EXTI_ClearConfigLine), (100 bytes).
    Removing stm32f0xx_hal_exti.o(i.HAL_EXTI_ClearPending), (20 bytes).
    Removing stm32f0xx_hal_exti.o(i.HAL_EXTI_GenerateSWI), (20 bytes).
    Removing stm32f0xx_hal_exti.o(i.HAL_EXTI_GetConfigLine), (148 bytes).
    Removing stm32f0xx_hal_exti.o(i.HAL_EXTI_GetHandle), (14 bytes).
    Removing stm32f0xx_hal_exti.o(i.HAL_EXTI_GetPending), (24 bytes).
    Removing stm32f0xx_hal_exti.o(i.HAL_EXTI_IRQHandler), (36 bytes).
    Removing stm32f0xx_hal_exti.o(i.HAL_EXTI_RegisterCallback), (16 bytes).
    Removing stm32f0xx_hal_exti.o(i.HAL_EXTI_SetConfigLine), (148 bytes).
    Removing system_stm32f0xx.o(.rev16_text), (4 bytes).
    Removing system_stm32f0xx.o(.revsh_text), (4 bytes).
    Removing system_stm32f0xx.o(i.SystemCoreClockUpdate), (108 bytes).
    Removing system_stm32f0xx.o(.constdata), (8 bytes).
    Removing ili9341.o(.rev16_text), (4 bytes).
    Removing ili9341.o(.revsh_text), (4 bytes).
    Removing ili9341.o(i.ILI9341_APP_Init), (536 bytes).
    Removing ili9341.o(i.ILI9341_Address_Set), (78 bytes).
    Removing ili9341.o(i.ILI9341_ClearScreen), (62 bytes).
    Removing ili9341.o(i.ILI9341_WR_ComData), (28 bytes).
    Removing ili9341.o(i.ILI9341_WR_Data), (28 bytes).
    Removing ili9341.o(i.ILI9341_WR_Data8), (32 bytes).
    Removing ili9341.o(i.ILI9341_WR_REG), (28 bytes).
    Removing ili9341.o(i.ILI9341_WR_REG_DATA), (20 bytes).
    Removing ili9341.o(i.ILI9341_Write_ColorBus), (312 bytes).
    Removing ili9341.o(i.ILI9341_Write_ComBus), (160 bytes).
    Removing ili9341.o(i.ILI9341_test), (2 bytes).
    Removing ili9341.o(i.Tft_SetBackground), (82 bytes).
    Removing ili9341.o(i.Tft_SetCursor), (24 bytes).
    Removing ov7670.o(.rev16_text), (4 bytes).
    Removing ov7670.o(.revsh_text), (4 bytes).
    Removing sccb.o(.rev16_text), (4 bytes).
    Removing sccb.o(.revsh_text), (4 bytes).
    Removing sccb.o(i.SCCB_No_Ack), (68 bytes).
    Removing sccb.o(i.SCCB_RD_Byte), (82 bytes).
    Removing peephole.o(.rev16_text), (4 bytes).
    Removing peephole.o(.revsh_text), (4 bytes).
    Removing peephole.o(i.PeepHole_Run), (2 bytes).
    Removing peephole.o(i.PeepHole_Stop), (2 bytes).
    Removing stm32f0xx_hal_dma.o(i.__ARM_common_switch8), (26 bytes).

254 unused section(s) (total 18636 bytes) removed from the image.

==============================================================================

Image Symbol Table

    Local Symbols

    Symbol Name                              Value     Ov Type        Size  Object(Section)

    ../Core/Src/main.c                       0x00000000   Number         0  main.o ABSOLUTE
    ../Core/Src/stm32f0xx_hal_msp.c          0x00000000   Number         0  stm32f0xx_hal_msp.o ABSOLUTE
    ../Core/Src/stm32f0xx_it.c               0x00000000   Number         0  stm32f0xx_it.o ABSOLUTE
    ../Core/Src/system_stm32f0xx.c           0x00000000   Number         0  system_stm32f0xx.o ABSOLUTE
    ../Drivers/STM32F0xx_HAL_Driver/Src/stm32f0xx_hal.c 0x00000000   Number         0  stm32f0xx_hal.o ABSOLUTE
    ../Drivers/STM32F0xx_HAL_Driver/Src/stm32f0xx_hal_cortex.c 0x00000000   Number         0  stm32f0xx_hal_cortex.o ABSOLUTE
    ../Drivers/STM32F0xx_HAL_Driver/Src/stm32f0xx_hal_dma.c 0x00000000   Number         0  stm32f0xx_hal_dma.o ABSOLUTE
    ../Drivers/STM32F0xx_HAL_Driver/Src/stm32f0xx_hal_exti.c 0x00000000   Number         0  stm32f0xx_hal_exti.o ABSOLUTE
    ../Drivers/STM32F0xx_HAL_Driver/Src/stm32f0xx_hal_flash.c 0x00000000   Number         0  stm32f0xx_hal_flash.o ABSOLUTE
    ../Drivers/STM32F0xx_HAL_Driver/Src/stm32f0xx_hal_flash_ex.c 0x00000000   Number         0  stm32f0xx_hal_flash_ex.o ABSOLUTE
    ../Drivers/STM32F0xx_HAL_Driver/Src/stm32f0xx_hal_gpio.c 0x00000000   Number         0  stm32f0xx_hal_gpio.o ABSOLUTE
    ../Drivers/STM32F0xx_HAL_Driver/Src/stm32f0xx_hal_i2c.c 0x00000000   Number         0  stm32f0xx_hal_i2c.o ABSOLUTE
    ../Drivers/STM32F0xx_HAL_Driver/Src/stm32f0xx_hal_i2c_ex.c 0x00000000   Number         0  stm32f0xx_hal_i2c_ex.o ABSOLUTE
    ../Drivers/STM32F0xx_HAL_Driver/Src/stm32f0xx_hal_pwr.c 0x00000000   Number         0  stm32f0xx_hal_pwr.o ABSOLUTE
    ../Drivers/STM32F0xx_HAL_Driver/Src/stm32f0xx_hal_pwr_ex.c 0x00000000   Number         0  stm32f0xx_hal_pwr_ex.o ABSOLUTE
    ../Drivers/STM32F0xx_HAL_Driver/Src/stm32f0xx_hal_rcc.c 0x00000000   Number         0  stm32f0xx_hal_rcc.o ABSOLUTE
    ../Drivers/STM32F0xx_HAL_Driver/Src/stm32f0xx_hal_rcc_ex.c 0x00000000   Number         0  stm32f0xx_hal_rcc_ex.o ABSOLUTE
    ../Drivers/STM32F0xx_HAL_Driver/Src/stm32f0xx_hal_tim.c 0x00000000   Number         0  stm32f0xx_hal_tim.o ABSOLUTE
    ../Drivers/STM32F0xx_HAL_Driver/Src/stm32f0xx_hal_tim_ex.c 0x00000000   Number         0  stm32f0xx_hal_tim_ex.o ABSOLUTE
    ../clib/microlib/division.c              0x00000000   Number         0  uidiv.o ABSOLUTE
    ../clib/microlib/division.c              0x00000000   Number         0  uldiv.o ABSOLUTE
    ../clib/microlib/init/entry.s            0x00000000   Number         0  entry7a.o ABSOLUTE
    ../clib/microlib/init/entry.s            0x00000000   Number         0  entry5.o ABSOLUTE
    ../clib/microlib/init/entry.s            0x00000000   Number         0  entry2.o ABSOLUTE
    ../clib/microlib/init/entry.s            0x00000000   Number         0  entry.o ABSOLUTE
    ../clib/microlib/init/entry.s            0x00000000   Number         0  entry11b.o ABSOLUTE
    ../clib/microlib/init/entry.s            0x00000000   Number         0  entry9b.o ABSOLUTE
    ../clib/microlib/init/entry.s            0x00000000   Number         0  entry8a.o ABSOLUTE
    ../clib/microlib/init/entry.s            0x00000000   Number         0  entry8b.o ABSOLUTE
    ../clib/microlib/init/entry.s            0x00000000   Number         0  entry11a.o ABSOLUTE
    ../clib/microlib/init/entry.s            0x00000000   Number         0  entry10b.o ABSOLUTE
    ../clib/microlib/init/entry.s            0x00000000   Number         0  entry10a.o ABSOLUTE
    ../clib/microlib/init/entry.s            0x00000000   Number         0  entry9a.o ABSOLUTE
    ../clib/microlib/init/entry.s            0x00000000   Number         0  entry7b.o ABSOLUTE
    ../clib/microlib/longlong.c              0x00000000   Number         0  llshl.o ABSOLUTE
    ../clib/microlib/longlong.c              0x00000000   Number         0  llushr.o ABSOLUTE
    ../clib/microlib/string/memset.c         0x00000000   Number         0  memseta.o ABSOLUTE
    ..\Core\Src\ili9341.c                    0x00000000   Number         0  ili9341.o ABSOLUTE
    ..\Core\Src\main.c                       0x00000000   Number         0  main.o ABSOLUTE
    ..\Core\Src\ov7670.c                     0x00000000   Number         0  ov7670.o ABSOLUTE
    ..\Core\Src\peephole.c                   0x00000000   Number         0  peephole.o ABSOLUTE
    ..\Core\Src\sccb.c                       0x00000000   Number         0  sccb.o ABSOLUTE
    ..\Core\Src\stm32f0xx_hal_msp.c          0x00000000   Number         0  stm32f0xx_hal_msp.o ABSOLUTE
    ..\Core\Src\stm32f0xx_it.c               0x00000000   Number         0  stm32f0xx_it.o ABSOLUTE
    ..\Core\Src\system_stm32f0xx.c           0x00000000   Number         0  system_stm32f0xx.o ABSOLUTE
    ..\Drivers\STM32F0xx_HAL_Driver\Src\stm32f0xx_hal.c 0x00000000   Number         0  stm32f0xx_hal.o ABSOLUTE
    ..\Drivers\STM32F0xx_HAL_Driver\Src\stm32f0xx_hal_cortex.c 0x00000000   Number         0  stm32f0xx_hal_cortex.o ABSOLUTE
    ..\Drivers\STM32F0xx_HAL_Driver\Src\stm32f0xx_hal_dma.c 0x00000000   Number         0  stm32f0xx_hal_dma.o ABSOLUTE
    ..\Drivers\STM32F0xx_HAL_Driver\Src\stm32f0xx_hal_exti.c 0x00000000   Number         0  stm32f0xx_hal_exti.o ABSOLUTE
    ..\Drivers\STM32F0xx_HAL_Driver\Src\stm32f0xx_hal_flash.c 0x00000000   Number         0  stm32f0xx_hal_flash.o ABSOLUTE
    ..\Drivers\STM32F0xx_HAL_Driver\Src\stm32f0xx_hal_flash_ex.c 0x00000000   Number         0  stm32f0xx_hal_flash_ex.o ABSOLUTE
    ..\Drivers\STM32F0xx_HAL_Driver\Src\stm32f0xx_hal_gpio.c 0x00000000   Number         0  stm32f0xx_hal_gpio.o ABSOLUTE
    ..\Drivers\STM32F0xx_HAL_Driver\Src\stm32f0xx_hal_i2c.c 0x00000000   Number         0  stm32f0xx_hal_i2c.o ABSOLUTE
    ..\Drivers\STM32F0xx_HAL_Driver\Src\stm32f0xx_hal_i2c_ex.c 0x00000000   Number         0  stm32f0xx_hal_i2c_ex.o ABSOLUTE
    ..\Drivers\STM32F0xx_HAL_Driver\Src\stm32f0xx_hal_pwr.c 0x00000000   Number         0  stm32f0xx_hal_pwr.o ABSOLUTE
    ..\Drivers\STM32F0xx_HAL_Driver\Src\stm32f0xx_hal_pwr_ex.c 0x00000000   Number         0  stm32f0xx_hal_pwr_ex.o ABSOLUTE
    ..\Drivers\STM32F0xx_HAL_Driver\Src\stm32f0xx_hal_rcc.c 0x00000000   Number         0  stm32f0xx_hal_rcc.o ABSOLUTE
    ..\Drivers\STM32F0xx_HAL_Driver\Src\stm32f0xx_hal_rcc_ex.c 0x00000000   Number         0  stm32f0xx_hal_rcc_ex.o ABSOLUTE
    ..\Drivers\STM32F0xx_HAL_Driver\Src\stm32f0xx_hal_tim.c 0x00000000   Number         0  stm32f0xx_hal_tim.o ABSOLUTE
    ..\Drivers\STM32F0xx_HAL_Driver\Src\stm32f0xx_hal_tim_ex.c 0x00000000   Number         0  stm32f0xx_hal_tim_ex.o ABSOLUTE
    ..\\Core\\Src\\ili9341.c                 0x00000000   Number         0  ili9341.o ABSOLUTE
    ..\\Core\\Src\\ov7670.c                  0x00000000   Number         0  ov7670.o ABSOLUTE
    ..\\Core\\Src\\peephole.c                0x00000000   Number         0  peephole.o ABSOLUTE
    ..\\Core\\Src\\sccb.c                    0x00000000   Number         0  sccb.o ABSOLUTE
    dc.s                                     0x00000000   Number         0  dc.o ABSOLUTE
    handlers.s                               0x00000000   Number         0  handlers.o ABSOLUTE
    init.s                                   0x00000000   Number         0  init.o ABSOLUTE
    startup_stm32f030x6.s                    0x00000000   Number         0  startup_stm32f030x6.o ABSOLUTE
    RESET                                    0x08000000   Section      176  startup_stm32f030x6.o(RESET)
    .ARM.Collect$$$$00000000                 0x080000b0   Section        0  entry.o(.ARM.Collect$$$$00000000)
    .ARM.Collect$$$$00000001                 0x080000b0   Section        4  entry2.o(.ARM.Collect$$$$00000001)
    .ARM.Collect$$$$00000004                 0x080000b4   Section        4  entry5.o(.ARM.Collect$$$$00000004)
    .ARM.Collect$$$$00000008                 0x080000b8   Section        0  entry7b.o(.ARM.Collect$$$$00000008)
    .ARM.Collect$$$$0000000A                 0x080000b8   Section        0  entry8b.o(.ARM.Collect$$$$0000000A)
    .ARM.Collect$$$$0000000B                 0x080000b8   Section        8  entry9a.o(.ARM.Collect$$$$0000000B)
    .ARM.Collect$$$$0000000D                 0x080000c0   Section        0  entry10a.o(.ARM.Collect$$$$0000000D)
    .ARM.Collect$$$$0000000F                 0x080000c0   Section        0  entry11a.o(.ARM.Collect$$$$0000000F)
    .ARM.Collect$$$$00002712                 0x080000c0   Section        4  entry2.o(.ARM.Collect$$$$00002712)
    __lit__00000000                          0x080000c0   Data           4  entry2.o(.ARM.Collect$$$$00002712)
    .text                                    0x080000c4   Section       28  startup_stm32f030x6.o(.text)
    .text                                    0x080000e0   Section        0  uidiv.o(.text)
    .text                                    0x0800010c   Section        0  uldiv.o(.text)
    .text                                    0x0800016c   Section        0  llushr.o(.text)
    .text                                    0x0800018e   Section        0  memseta.o(.text)
    .text                                    0x080001b2   Section        0  llshl.o(.text)
    .text                                    0x080001d4   Section       36  init.o(.text)
    i.EXTI4_15_IRQHandler                    0x080001f8   Section        0  stm32f0xx_it.o(i.EXTI4_15_IRQHandler)
    i.HAL_Delay                              0x0800028c   Section        0  stm32f0xx_hal.o(i.HAL_Delay)
    i.HAL_GPIO_EXTI_Callback                 0x080002b0   Section        0  main.o(i.HAL_GPIO_EXTI_Callback)
    i.HAL_GPIO_EXTI_IRQHandler               0x080002c0   Section        0  stm32f0xx_hal_gpio.o(i.HAL_GPIO_EXTI_IRQHandler)
    i.HAL_GPIO_Init                          0x080002d8   Section        0  stm32f0xx_hal_gpio.o(i.HAL_GPIO_Init)
    i.HAL_GPIO_ReadPin                       0x08000448   Section        0  stm32f0xx_hal_gpio.o(i.HAL_GPIO_ReadPin)
    i.HAL_GPIO_WritePin                      0x08000452   Section        0  stm32f0xx_hal_gpio.o(i.HAL_GPIO_WritePin)
    i.HAL_GetTick                            0x08000460   Section        0  stm32f0xx_hal.o(i.HAL_GetTick)
    i.HAL_IncTick                            0x0800046c   Section        0  stm32f0xx_hal.o(i.HAL_IncTick)
    i.HAL_Init                               0x0800047c   Section        0  stm32f0xx_hal.o(i.HAL_Init)
    i.HAL_InitTick                           0x0800049c   Section        0  stm32f0xx_hal.o(i.HAL_InitTick)
    i.HAL_MspInit                            0x080004e0   Section        0  stm32f0xx_hal_msp.o(i.HAL_MspInit)
    i.HAL_NVIC_DisableIRQ                    0x08000508   Section        0  stm32f0xx_hal_cortex.o(i.HAL_NVIC_DisableIRQ)
    i.HAL_NVIC_EnableIRQ                     0x08000528   Section        0  stm32f0xx_hal_cortex.o(i.HAL_NVIC_EnableIRQ)
    i.HAL_NVIC_SetPriority                   0x08000540   Section        0  stm32f0xx_hal_cortex.o(i.HAL_NVIC_SetPriority)
    i.HAL_RCC_ClockConfig                    0x08000548   Section        0  stm32f0xx_hal_rcc.o(i.HAL_RCC_ClockConfig)
    i.HAL_RCC_GetSysClockFreq                0x08000650   Section        0  stm32f0xx_hal_rcc.o(i.HAL_RCC_GetSysClockFreq)
    i.HAL_RCC_OscConfig                      0x080006d0   Section        0  stm32f0xx_hal_rcc.o(i.HAL_RCC_OscConfig)
    i.HAL_SYSTICK_Config                     0x08000a58   Section        0  stm32f0xx_hal_cortex.o(i.HAL_SYSTICK_Config)
    i.HardFault_Handler                      0x08000a88   Section        0  stm32f0xx_it.o(i.HardFault_Handler)
    i.ILI9341_Board_Init                     0x08000a8c   Section        0  ili9341.o(i.ILI9341_Board_Init)
    i.ILI9341_DataPort_IN                    0x08000e14   Section        0  ili9341.o(i.ILI9341_DataPort_IN)
    i.ILI9341_DataPort_OUT                   0x08000e58   Section        0  ili9341.o(i.ILI9341_DataPort_OUT)
    i.NMI_Handler                            0x08000ea0   Section        0  stm32f0xx_it.o(i.NMI_Handler)
    i.OV7670_Delay                           0x08000ea2   Section        0  ov7670.o(i.OV7670_Delay)
    OV7670_Delay                             0x08000ea3   Thumb Code    32  ov7670.o(i.OV7670_Delay)
    i.OV7670_Init                            0x08000ec2   Section        0  ov7670.o(i.OV7670_Init)
    i.OV7670_WR_Reg                          0x08000eea   Section        0  ov7670.o(i.OV7670_WR_Reg)
    i.PeepHole_EXTI_Control                  0x08000f2a   Section        0  peephole.o(i.PeepHole_EXTI_Control)
    i.PeepHole_Init                          0x08000f40   Section        0  peephole.o(i.PeepHole_Init)
    i.PeepHole_LCD_WR_Control                0x08001000   Section        0  peephole.o(i.PeepHole_LCD_WR_Control)
    i.PeepHole_OV_2_LCD_Control              0x08001020   Section        0  peephole.o(i.PeepHole_OV_2_LCD_Control)
    i.PeepHole_OV_VSYNC_EXTI_Callback        0x08001040   Section        0  peephole.o(i.PeepHole_OV_VSYNC_EXTI_Callback)
    i.PeepHole_Power_Control                 0x080010e0   Section        0  peephole.o(i.PeepHole_Power_Control)
    i.PendSV_Handler                         0x08001100   Section        0  stm32f0xx_it.o(i.PendSV_Handler)
    i.SCCB_Delay                             0x08001102   Section        0  sccb.o(i.SCCB_Delay)
    SCCB_Delay                               0x08001103   Thumb Code    22  sccb.o(i.SCCB_Delay)
    i.SCCB_Init                              0x08001118   Section        0  sccb.o(i.SCCB_Init)
    i.SCCB_SDA_IN                            0x08001180   Section        0  sccb.o(i.SCCB_SDA_IN)
    SCCB_SDA_IN                              0x08001181   Thumb Code    64  sccb.o(i.SCCB_SDA_IN)
    i.SCCB_SDA_OUT                           0x080011c4   Section        0  sccb.o(i.SCCB_SDA_OUT)
    SCCB_SDA_OUT                             0x080011c5   Thumb Code    52  sccb.o(i.SCCB_SDA_OUT)
    i.SCCB_Start                             0x080011fc   Section        0  sccb.o(i.SCCB_Start)
    i.SCCB_Stop                              0x0800123c   Section        0  sccb.o(i.SCCB_Stop)
    i.SCCB_WR_Byte                           0x08001272   Section        0  sccb.o(i.SCCB_WR_Byte)
    i.SVC_Handler                            0x08001300   Section        0  stm32f0xx_it.o(i.SVC_Handler)
    i.Set_Cmos7670Reg                        0x08001302   Section        0  ov7670.o(i.Set_Cmos7670Reg)
    i.SysTick_Handler                        0x08001826   Section        0  stm32f0xx_it.o(i.SysTick_Handler)
    i.SystemClock_Config                     0x0800182e   Section        0  main.o(i.SystemClock_Config)
    i.SystemInit                             0x08001878   Section        0  system_stm32f0xx.o(i.SystemInit)
    i.TftClear                               0x0800187a   Section        0  ili9341.o(i.TftClear)
    i.TftWrite                               0x080018d0   Section        0  ili9341.o(i.TftWrite)
    i.TftWrite16                             0x08001cf0   Section        0  ili9341.o(i.TftWrite16)
    i.Tft_Init                               0x08001f04   Section        0  ili9341.o(i.Tft_Init)
    i.Tft_WR_DATA16                          0x08002144   Section        0  ili9341.o(i.Tft_WR_DATA16)
    i.__ARM_common_ll_muluu                  0x08002358   Section        0  stm32f0xx_hal_rcc.o(i.__ARM_common_ll_muluu)
    i.__NVIC_SetPriority                     0x08002388   Section        0  stm32f0xx_hal_cortex.o(i.__NVIC_SetPriority)
    __NVIC_SetPriority                       0x08002389   Thumb Code    60  stm32f0xx_hal_cortex.o(i.__NVIC_SetPriority)
    i.__scatterload_copy                     0x080023cc   Section       14  handlers.o(i.__scatterload_copy)
    i.__scatterload_null                     0x080023da   Section        2  handlers.o(i.__scatterload_null)
    i.__scatterload_zeroinit                 0x080023dc   Section       14  handlers.o(i.__scatterload_zeroinit)
    i.main                                   0x080023ec   Section        0  main.o(i.main)
    .constdata                               0x08002450   Section       16  system_stm32f0xx.o(.constdata)
    .data                                    0x20000000   Section        1  main.o(.data)
    .data                                    0x20000004   Section       12  stm32f0xx_hal.o(.data)
    .data                                    0x20000010   Section        4  system_stm32f0xx.o(.data)
    STACK                                    0x20000018   Section     1024  startup_stm32f030x6.o(STACK)

    Global Symbols

    Symbol Name                              Value     Ov Type        Size  Object(Section)

    BuildAttributes$$THM_ISAv3M$S$PE$A:L22$X:L11$S22$IEEE1$IW$USESV6$~STKCKD$USESV7$~SHL$OSPACE$EBA8$MICROLIB$REQ8$PRES8$EABIv2 0x00000000   Number         0  anon$$obj.o ABSOLUTE
    __ARM_use_no_argv                        0x00000000   Number         0  main.o ABSOLUTE
    __cpp_initialize__aeabi_                  - Undefined Weak Reference
    __cxa_finalize                            - Undefined Weak Reference
    __decompress                              - Undefined Weak Reference
    _clock_init                               - Undefined Weak Reference
    _microlib_exit                            - Undefined Weak Reference
    __Vectors_Size                           0x000000b0   Number         0  startup_stm32f030x6.o ABSOLUTE
    __Vectors                                0x08000000   Data           4  startup_stm32f030x6.o(RESET)
    __Vectors_End                            0x080000b0   Data           0  startup_stm32f030x6.o(RESET)
    __main                                   0x080000b1   Thumb Code     0  entry.o(.ARM.Collect$$$$00000000)
    _main_stk                                0x080000b1   Thumb Code     0  entry2.o(.ARM.Collect$$$$00000001)
    _main_scatterload                        0x080000b5   Thumb Code     0  entry5.o(.ARM.Collect$$$$00000004)
    __main_after_scatterload                 0x080000b9   Thumb Code     0  entry5.o(.ARM.Collect$$$$00000004)
    _main_clock                              0x080000b9   Thumb Code     0  entry7b.o(.ARM.Collect$$$$00000008)
    _main_cpp_init                           0x080000b9   Thumb Code     0  entry8b.o(.ARM.Collect$$$$0000000A)
    _main_init                               0x080000b9   Thumb Code     0  entry9a.o(.ARM.Collect$$$$0000000B)
    __rt_final_cpp                           0x080000c1   Thumb Code     0  entry10a.o(.ARM.Collect$$$$0000000D)
    __rt_final_exit                          0x080000c1   Thumb Code     0  entry11a.o(.ARM.Collect$$$$0000000F)
    Reset_Handler                            0x080000c5   Thumb Code     8  startup_stm32f030x6.o(.text)
    ADC1_IRQHandler                          0x080000d7   Thumb Code     0  startup_stm32f030x6.o(.text)
    DMA1_Channel1_IRQHandler                 0x080000d7   Thumb Code     0  startup_stm32f030x6.o(.text)
    DMA1_Channel2_3_IRQHandler               0x080000d7   Thumb Code     0  startup_stm32f030x6.o(.text)
    DMA1_Channel4_5_IRQHandler               0x080000d7   Thumb Code     0  startup_stm32f030x6.o(.text)
    EXTI0_1_IRQHandler                       0x080000d7   Thumb Code     0  startup_stm32f030x6.o(.text)
    EXTI2_3_IRQHandler                       0x080000d7   Thumb Code     0  startup_stm32f030x6.o(.text)
    FLASH_IRQHandler                         0x080000d7   Thumb Code     0  startup_stm32f030x6.o(.text)
    I2C1_IRQHandler                          0x080000d7   Thumb Code     0  startup_stm32f030x6.o(.text)
    RCC_IRQHandler                           0x080000d7   Thumb Code     0  startup_stm32f030x6.o(.text)
    RTC_IRQHandler                           0x080000d7   Thumb Code     0  startup_stm32f030x6.o(.text)
    SPI1_IRQHandler                          0x080000d7   Thumb Code     0  startup_stm32f030x6.o(.text)
    TIM14_IRQHandler                         0x080000d7   Thumb Code     0  startup_stm32f030x6.o(.text)
    TIM16_IRQHandler                         0x080000d7   Thumb Code     0  startup_stm32f030x6.o(.text)
    TIM17_IRQHandler                         0x080000d7   Thumb Code     0  startup_stm32f030x6.o(.text)
    TIM1_BRK_UP_TRG_COM_IRQHandler           0x080000d7   Thumb Code     0  startup_stm32f030x6.o(.text)
    TIM1_CC_IRQHandler                       0x080000d7   Thumb Code     0  startup_stm32f030x6.o(.text)
    TIM3_IRQHandler                          0x080000d7   Thumb Code     0  startup_stm32f030x6.o(.text)
    USART1_IRQHandler                        0x080000d7   Thumb Code     0  startup_stm32f030x6.o(.text)
    WWDG_IRQHandler                          0x080000d7   Thumb Code     0  startup_stm32f030x6.o(.text)
    __aeabi_uidiv                            0x080000e1   Thumb Code     0  uidiv.o(.text)
    __aeabi_uidivmod                         0x080000e1   Thumb Code    44  uidiv.o(.text)
    __aeabi_uldivmod                         0x0800010d   Thumb Code    96  uldiv.o(.text)
    __aeabi_llsr                             0x0800016d   Thumb Code    34  llushr.o(.text)
    _ll_ushift_r                             0x0800016d   Thumb Code     0  llushr.o(.text)
    __aeabi_memset                           0x0800018f   Thumb Code    14  memseta.o(.text)
    __aeabi_memset4                          0x0800018f   Thumb Code     0  memseta.o(.text)
    __aeabi_memset8                          0x0800018f   Thumb Code     0  memseta.o(.text)
    __aeabi_memclr                           0x0800019d   Thumb Code     4  memseta.o(.text)
    __aeabi_memclr4                          0x0800019d   Thumb Code     0  memseta.o(.text)
    __aeabi_memclr8                          0x0800019d   Thumb Code     0  memseta.o(.text)
    _memset$wrapper                          0x080001a1   Thumb Code    18  memseta.o(.text)
    __aeabi_llsl                             0x080001b3   Thumb Code    32  llshl.o(.text)
    _ll_shift_l                              0x080001b3   Thumb Code     0  llshl.o(.text)
    __scatterload                            0x080001d5   Thumb Code    28  init.o(.text)
    __scatterload_rt2                        0x080001d5   Thumb Code     0  init.o(.text)
    EXTI4_15_IRQHandler                      0x080001f9   Thumb Code   144  stm32f0xx_it.o(i.EXTI4_15_IRQHandler)
    HAL_Delay                                0x0800028d   Thumb Code    32  stm32f0xx_hal.o(i.HAL_Delay)
    HAL_GPIO_EXTI_Callback                   0x080002b1   Thumb Code    16  main.o(i.HAL_GPIO_EXTI_Callback)
    HAL_GPIO_EXTI_IRQHandler                 0x080002c1   Thumb Code    18  stm32f0xx_hal_gpio.o(i.HAL_GPIO_EXTI_IRQHandler)
    HAL_GPIO_Init                            0x080002d9   Thumb Code   344  stm32f0xx_hal_gpio.o(i.HAL_GPIO_Init)
    HAL_GPIO_ReadPin                         0x08000449   Thumb Code    10  stm32f0xx_hal_gpio.o(i.HAL_GPIO_ReadPin)
    HAL_GPIO_WritePin                        0x08000453   Thumb Code    12  stm32f0xx_hal_gpio.o(i.HAL_GPIO_WritePin)
    HAL_GetTick                              0x08000461   Thumb Code     6  stm32f0xx_hal.o(i.HAL_GetTick)
    HAL_IncTick                              0x0800046d   Thumb Code    12  stm32f0xx_hal.o(i.HAL_IncTick)
    HAL_Init                                 0x0800047d   Thumb Code    26  stm32f0xx_hal.o(i.HAL_Init)
    HAL_InitTick                             0x0800049d   Thumb Code    58  stm32f0xx_hal.o(i.HAL_InitTick)
    HAL_MspInit                              0x080004e1   Thumb Code    34  stm32f0xx_hal_msp.o(i.HAL_MspInit)
    HAL_NVIC_DisableIRQ                      0x08000509   Thumb Code    26  stm32f0xx_hal_cortex.o(i.HAL_NVIC_DisableIRQ)
    HAL_NVIC_EnableIRQ                       0x08000529   Thumb Code    18  stm32f0xx_hal_cortex.o(i.HAL_NVIC_EnableIRQ)
    HAL_NVIC_SetPriority                     0x08000541   Thumb Code     8  stm32f0xx_hal_cortex.o(i.HAL_NVIC_SetPriority)
    HAL_RCC_ClockConfig                      0x08000549   Thumb Code   242  stm32f0xx_hal_rcc.o(i.HAL_RCC_ClockConfig)
    HAL_RCC_GetSysClockFreq                  0x08000651   Thumb Code    84  stm32f0xx_hal_rcc.o(i.HAL_RCC_GetSysClockFreq)
    HAL_RCC_OscConfig                        0x080006d1   Thumb Code   890  stm32f0xx_hal_rcc.o(i.HAL_RCC_OscConfig)
    HAL_SYSTICK_Config                       0x08000a59   Thumb Code    38  stm32f0xx_hal_cortex.o(i.HAL_SYSTICK_Config)
    HardFault_Handler                        0x08000a89   Thumb Code     2  stm32f0xx_it.o(i.HardFault_Handler)
    ILI9341_Board_Init                       0x08000a8d   Thumb Code   890  ili9341.o(i.ILI9341_Board_Init)
    ILI9341_DataPort_IN                      0x08000e15   Thumb Code    64  ili9341.o(i.ILI9341_DataPort_IN)
    ILI9341_DataPort_OUT                     0x08000e59   Thumb Code    66  ili9341.o(i.ILI9341_DataPort_OUT)
    NMI_Handler                              0x08000ea1   Thumb Code     2  stm32f0xx_it.o(i.NMI_Handler)
    OV7670_Init                              0x08000ec3   Thumb Code    40  ov7670.o(i.OV7670_Init)
    OV7670_WR_Reg                            0x08000eeb   Thumb Code    64  ov7670.o(i.OV7670_WR_Reg)
    PeepHole_EXTI_Control                    0x08000f2b   Thumb Code    22  peephole.o(i.PeepHole_EXTI_Control)
    PeepHole_Init                            0x08000f41   Thumb Code   180  peephole.o(i.PeepHole_Init)
    PeepHole_LCD_WR_Control                  0x08001001   Thumb Code    28  peephole.o(i.PeepHole_LCD_WR_Control)
    PeepHole_OV_2_LCD_Control                0x08001021   Thumb Code    28  peephole.o(i.PeepHole_OV_2_LCD_Control)
    PeepHole_OV_VSYNC_EXTI_Callback          0x08001041   Thumb Code   152  peephole.o(i.PeepHole_OV_VSYNC_EXTI_Callback)
    PeepHole_Power_Control                   0x080010e1   Thumb Code    28  peephole.o(i.PeepHole_Power_Control)
    PendSV_Handler                           0x08001101   Thumb Code     2  stm32f0xx_it.o(i.PendSV_Handler)
    SCCB_Init                                0x08001119   Thumb Code   100  sccb.o(i.SCCB_Init)
    SCCB_Start                               0x080011fd   Thumb Code    64  sccb.o(i.SCCB_Start)
    SCCB_Stop                                0x0800123d   Thumb Code    54  sccb.o(i.SCCB_Stop)
    SCCB_WR_Byte                             0x08001273   Thumb Code   142  sccb.o(i.SCCB_WR_Byte)
    SVC_Handler                              0x08001301   Thumb Code     2  stm32f0xx_it.o(i.SVC_Handler)
    Set_Cmos7670Reg                          0x08001303   Thumb Code  1316  ov7670.o(i.Set_Cmos7670Reg)
    SysTick_Handler                          0x08001827   Thumb Code     8  stm32f0xx_it.o(i.SysTick_Handler)
    SystemClock_Config                       0x0800182f   Thumb Code    74  main.o(i.SystemClock_Config)
    SystemInit                               0x08001879   Thumb Code     2  system_stm32f0xx.o(i.SystemInit)
    TftClear                                 0x0800187b   Thumb Code    84  ili9341.o(i.TftClear)
    TftWrite                                 0x080018d1   Thumb Code  1056  ili9341.o(i.TftWrite)
    TftWrite16                               0x08001cf1   Thumb Code   526  ili9341.o(i.TftWrite16)
    Tft_Init                                 0x08001f05   Thumb Code   550  ili9341.o(i.Tft_Init)
    Tft_WR_DATA16                            0x08002145   Thumb Code   526  ili9341.o(i.Tft_WR_DATA16)
    __ARM_common_ll_muluu                    0x08002359   Thumb Code    48  stm32f0xx_hal_rcc.o(i.__ARM_common_ll_muluu)
    __scatterload_copy                       0x080023cd   Thumb Code    14  handlers.o(i.__scatterload_copy)
    __scatterload_null                       0x080023db   Thumb Code     2  handlers.o(i.__scatterload_null)
    __scatterload_zeroinit                   0x080023dd   Thumb Code    14  handlers.o(i.__scatterload_zeroinit)
    main                                     0x080023ed   Thumb Code    90  main.o(i.main)
    AHBPrescTable                            0x08002450   Data          16  system_stm32f0xx.o(.constdata)
    Region$$Table$$Base                      0x08002460   Number         0  anon$$obj.o(Region$$Table)
    Region$$Table$$Limit                     0x08002480   Number         0  anon$$obj.o(Region$$Table)
    resutl                                   0x20000000   Data           1  main.o(.data)
    uwTickFreq                               0x20000004   Data           1  stm32f0xx_hal.o(.data)
    uwTickPrio                               0x20000008   Data           4  stm32f0xx_hal.o(.data)
    uwTick                                   0x2000000c   Data           4  stm32f0xx_hal.o(.data)
    SystemCoreClock                          0x20000010   Data           4  system_stm32f0xx.o(.data)
    __initial_sp                             0x20000418   Data           0  startup_stm32f030x6.o(STACK)



==============================================================================

Memory Map of the image

  Image Entry point : 0x080000b1

  Load Region LR_IROM1 (Base: 0x08000000, Size: 0x00002494, Max: 0x00008000, ABSOLUTE)

    Execution Region ER_IROM1 (Exec base: 0x08000000, Load base: 0x08000000, Size: 0x00002480, Max: 0x00008000, ABSOLUTE)

    Exec Addr    Load Addr    Size         Type   Attr      Idx    E Section Name        Object

    0x08000000   0x08000000   0x000000b0   Data   RO            3    RESET               startup_stm32f030x6.o
    0x080000b0   0x080000b0   0x00000000   Code   RO         1955  * .ARM.Collect$$$$00000000  mc_p.l(entry.o)
    0x080000b0   0x080000b0   0x00000004   Code   RO         1966    .ARM.Collect$$$$00000001  mc_p.l(entry2.o)
    0x080000b4   0x080000b4   0x00000004   Code   RO         1969    .ARM.Collect$$$$00000004  mc_p.l(entry5.o)
    0x080000b8   0x080000b8   0x00000000   Code   RO         1971    .ARM.Collect$$$$00000008  mc_p.l(entry7b.o)
    0x080000b8   0x080000b8   0x00000000   Code   RO         1973    .ARM.Collect$$$$0000000A  mc_p.l(entry8b.o)
    0x080000b8   0x080000b8   0x00000008   Code   RO         1974    .ARM.Collect$$$$0000000B  mc_p.l(entry9a.o)
    0x080000c0   0x080000c0   0x00000000   Code   RO         1976    .ARM.Collect$$$$0000000D  mc_p.l(entry10a.o)
    0x080000c0   0x080000c0   0x00000000   Code   RO         1978    .ARM.Collect$$$$0000000F  mc_p.l(entry11a.o)
    0x080000c0   0x080000c0   0x00000004   Code   RO         1967    .ARM.Collect$$$$00002712  mc_p.l(entry2.o)
    0x080000c4   0x080000c4   0x0000001c   Code   RO            4    .text               startup_stm32f030x6.o
    0x080000e0   0x080000e0   0x0000002c   Code   RO         1958    .text               mc_p.l(uidiv.o)
    0x0800010c   0x0800010c   0x00000060   Code   RO         1960    .text               mc_p.l(uldiv.o)
    0x0800016c   0x0800016c   0x00000022   Code   RO         1962    .text               mc_p.l(llushr.o)
    0x0800018e   0x0800018e   0x00000024   Code   RO         1964    .text               mc_p.l(memseta.o)
    0x080001b2   0x080001b2   0x00000020   Code   RO         1980    .text               mc_p.l(llshl.o)
    0x080001d2   0x080001d2   0x00000002   PAD
    0x080001d4   0x080001d4   0x00000024   Code   RO         1982    .text               mc_p.l(init.o)
    0x080001f8   0x080001f8   0x00000094   Code   RO          146    i.EXTI4_15_IRQHandler  stm32f0xx_it.o
    0x0800028c   0x0800028c   0x00000024   Code   RO          378    i.HAL_Delay         stm32f0xx_hal.o
    0x080002b0   0x080002b0   0x00000010   Code   RO           13    i.HAL_GPIO_EXTI_Callback  main.o
    0x080002c0   0x080002c0   0x00000018   Code   RO         1029    i.HAL_GPIO_EXTI_IRQHandler  stm32f0xx_hal_gpio.o
    0x080002d8   0x080002d8   0x00000170   Code   RO         1030    i.HAL_GPIO_Init     stm32f0xx_hal_gpio.o
    0x08000448   0x08000448   0x0000000a   Code   RO         1032    i.HAL_GPIO_ReadPin  stm32f0xx_hal_gpio.o
    0x08000452   0x08000452   0x0000000c   Code   RO         1034    i.HAL_GPIO_WritePin  stm32f0xx_hal_gpio.o
    0x0800045e   0x0800045e   0x00000002   PAD
    0x08000460   0x08000460   0x0000000c   Code   RO          382    i.HAL_GetTick       stm32f0xx_hal.o
    0x0800046c   0x0800046c   0x00000010   Code   RO          388    i.HAL_IncTick       stm32f0xx_hal.o
    0x0800047c   0x0800047c   0x00000020   Code   RO          389    i.HAL_Init          stm32f0xx_hal.o
    0x0800049c   0x0800049c   0x00000044   Code   RO          390    i.HAL_InitTick      stm32f0xx_hal.o
    0x080004e0   0x080004e0   0x00000028   Code   RO          199    i.HAL_MspInit       stm32f0xx_hal_msp.o
    0x08000508   0x08000508   0x00000020   Code   RO         1188    i.HAL_NVIC_DisableIRQ  stm32f0xx_hal_cortex.o
    0x08000528   0x08000528   0x00000018   Code   RO         1189    i.HAL_NVIC_EnableIRQ  stm32f0xx_hal_cortex.o
    0x08000540   0x08000540   0x00000008   Code   RO         1193    i.HAL_NVIC_SetPriority  stm32f0xx_hal_cortex.o
    0x08000548   0x08000548   0x00000108   Code   RO          248    i.HAL_RCC_ClockConfig  stm32f0xx_hal_rcc.o
    0x08000650   0x08000650   0x00000080   Code   RO          256    i.HAL_RCC_GetSysClockFreq  stm32f0xx_hal_rcc.o
    0x080006d0   0x080006d0   0x00000388   Code   RO          259    i.HAL_RCC_OscConfig  stm32f0xx_hal_rcc.o
    0x08000a58   0x08000a58   0x00000030   Code   RO         1197    i.HAL_SYSTICK_Config  stm32f0xx_hal_cortex.o
    0x08000a88   0x08000a88   0x00000002   Code   RO          147    i.HardFault_Handler  stm32f0xx_it.o
    0x08000a8a   0x08000a8a   0x00000002   PAD
    0x08000a8c   0x08000a8c   0x00000388   Code   RO         1655    i.ILI9341_Board_Init  ili9341.o
    0x08000e14   0x08000e14   0x00000044   Code   RO         1657    i.ILI9341_DataPort_IN  ili9341.o
    0x08000e58   0x08000e58   0x00000048   Code   RO         1658    i.ILI9341_DataPort_OUT  ili9341.o
    0x08000ea0   0x08000ea0   0x00000002   Code   RO          148    i.NMI_Handler       stm32f0xx_it.o
    0x08000ea2   0x08000ea2   0x00000020   Code   RO         1793    i.OV7670_Delay      ov7670.o
    0x08000ec2   0x08000ec2   0x00000028   Code   RO         1794    i.OV7670_Init       ov7670.o
    0x08000eea   0x08000eea   0x00000040   Code   RO         1795    i.OV7670_WR_Reg     ov7670.o
    0x08000f2a   0x08000f2a   0x00000016   Code   RO         1898    i.PeepHole_EXTI_Control  peephole.o
    0x08000f40   0x08000f40   0x000000c0   Code   RO         1899    i.PeepHole_Init     peephole.o
    0x08001000   0x08001000   0x00000020   Code   RO         1900    i.PeepHole_LCD_WR_Control  peephole.o
    0x08001020   0x08001020   0x00000020   Code   RO         1901    i.PeepHole_OV_2_LCD_Control  peephole.o
    0x08001040   0x08001040   0x000000a0   Code   RO         1902    i.PeepHole_OV_VSYNC_EXTI_Callback  peephole.o
    0x080010e0   0x080010e0   0x00000020   Code   RO         1903    i.PeepHole_Power_Control  peephole.o
    0x08001100   0x08001100   0x00000002   Code   RO          149    i.PendSV_Handler    stm32f0xx_it.o
    0x08001102   0x08001102   0x00000016   Code   RO         1833    i.SCCB_Delay        sccb.o
    0x08001118   0x08001118   0x00000068   Code   RO         1834    i.SCCB_Init         sccb.o
    0x08001180   0x08001180   0x00000044   Code   RO         1837    i.SCCB_SDA_IN       sccb.o
    0x080011c4   0x080011c4   0x00000038   Code   RO         1838    i.SCCB_SDA_OUT      sccb.o
    0x080011fc   0x080011fc   0x00000040   Code   RO         1839    i.SCCB_Start        sccb.o
    0x0800123c   0x0800123c   0x00000036   Code   RO         1840    i.SCCB_Stop         sccb.o
    0x08001272   0x08001272   0x0000008e   Code   RO         1841    i.SCCB_WR_Byte      sccb.o
    0x08001300   0x08001300   0x00000002   Code   RO          150    i.SVC_Handler       stm32f0xx_it.o
    0x08001302   0x08001302   0x00000524   Code   RO         1796    i.Set_Cmos7670Reg   ov7670.o
    0x08001826   0x08001826   0x00000008   Code   RO          151    i.SysTick_Handler   stm32f0xx_it.o
    0x0800182e   0x0800182e   0x0000004a   Code   RO           14    i.SystemClock_Config  main.o
    0x08001878   0x08001878   0x00000002   Code   RO         1620    i.SystemInit        system_stm32f0xx.o
    0x0800187a   0x0800187a   0x00000054   Code   RO         1667    i.TftClear          ili9341.o
    0x080018ce   0x080018ce   0x00000002   PAD
    0x080018d0   0x080018d0   0x00000420   Code   RO         1668    i.TftWrite          ili9341.o
    0x08001cf0   0x08001cf0   0x00000214   Code   RO         1669    i.TftWrite16        ili9341.o
    0x08001f04   0x08001f04   0x00000240   Code   RO         1670    i.Tft_Init          ili9341.o
    0x08002144   0x08002144   0x00000214   Code   RO         1673    i.Tft_WR_DATA16     ili9341.o
    0x08002358   0x08002358   0x00000030   Code   RO          333    i.__ARM_common_ll_muluu  stm32f0xx_hal_rcc.o
    0x08002388   0x08002388   0x00000044   Code   RO         1199    i.__NVIC_SetPriority  stm32f0xx_hal_cortex.o
    0x080023cc   0x080023cc   0x0000000e   Code   RO         1986    i.__scatterload_copy  mc_p.l(handlers.o)
    0x080023da   0x080023da   0x00000002   Code   RO         1987    i.__scatterload_null  mc_p.l(handlers.o)
    0x080023dc   0x080023dc   0x0000000e   Code   RO         1988    i.__scatterload_zeroinit  mc_p.l(handlers.o)
    0x080023ea   0x080023ea   0x00000002   PAD
    0x080023ec   0x080023ec   0x00000064   Code   RO           15    i.main              main.o
    0x08002450   0x08002450   0x00000010   Data   RO         1621    .constdata          system_stm32f0xx.o
    0x08002460   0x08002460   0x00000020   Data   RO         1984    Region$$Table       anon$$obj.o


    Execution Region RW_IRAM1 (Exec base: 0x20000000, Load base: 0x08002480, Size: 0x00000418, Max: 0x00001000, ABSOLUTE)

    Exec Addr    Load Addr    Size         Type   Attr      Idx    E Section Name        Object

    0x20000000   0x08002480   0x00000001   Data   RW           16    .data               main.o
    0x20000001   0x08002481   0x00000003   PAD
    0x20000004   0x08002484   0x0000000c   Data   RW          396    .data               stm32f0xx_hal.o
    0x20000010   0x08002490   0x00000004   Data   RW         1623    .data               system_stm32f0xx.o
    0x20000014   0x08002494   0x00000004   PAD
    0x20000018        -       0x00000400   Zero   RW            1    STACK               startup_stm32f030x6.o


==============================================================================

Image component sizes


      Code (inc. data)   RO Data    RW Data    ZI Data      Debug   Object Name

      3824         68          0          0          0       5984   ili9341.o
       190         10          0          1          0     214790   main.o
      1452          0          0          0          0       4056   ov7670.o
       470         32          0          0          0       3539   peephole.o
       510         12          0          0          0       3784   sccb.o
        28          8        176          0       1024        612   startup_stm32f030x6.o
       164         30          0         12          0       7677   stm32f0xx_hal.o
       180         30          0          0          0      10871   stm32f0xx_hal_cortex.o
       414         30          0          0          0       3422   stm32f0xx_hal_gpio.o
        40          6          0          0          0        790   stm32f0xx_hal_msp.o
      1344         80          0          0          0       4018   stm32f0xx_hal_rcc.o
       164          4          0          0          0       2637   stm32f0xx_it.o
         2          0         16          4          0       1063   system_stm32f0xx.o

    ----------------------------------------------------------------------
      8788        310        224         20       1028     263243   Object Totals
         0          0         32          0          0          0   (incl. Generated)
         6          0          0          3          4          0   (incl. Padding)

    ----------------------------------------------------------------------

      Code (inc. data)   RO Data    RW Data    ZI Data      Debug   Library Member Name

         0          0          0          0          0          0   entry.o
         0          0          0          0          0          0   entry10a.o
         0          0          0          0          0          0   entry11a.o
         8          4          0          0          0          0   entry2.o
         4          0          0          0          0          0   entry5.o
         0          0          0          0          0          0   entry7b.o
         0          0          0          0          0          0   entry8b.o
         8          4          0          0          0          0   entry9a.o
        30          0          0          0          0          0   handlers.o
        36          8          0          0          0         68   init.o
        32          0          0          0          0         68   llshl.o
        34          0          0          0          0         68   llushr.o
        36          0          0          0          0        100   memseta.o
        44          0          0          0          0         72   uidiv.o
        96          0          0          0          0         84   uldiv.o

    ----------------------------------------------------------------------
       332         16          0          0          0        460   Library Totals
         4          0          0          0          0          0   (incl. Padding)

    ----------------------------------------------------------------------

      Code (inc. data)   RO Data    RW Data    ZI Data      Debug   Library Name

       328         16          0          0          0        460   mc_p.l

    ----------------------------------------------------------------------
       332         16          0          0          0        460   Library Totals

    ----------------------------------------------------------------------

==============================================================================


      Code (inc. data)   RO Data    RW Data    ZI Data      Debug   

      9120        326        224         20       1028     261479   Grand Totals
      9120        326        224         20       1028     261479   ELF Image Totals
      9120        326        224         20          0          0   ROM Totals

==============================================================================

    Total RO  Size (Code + RO Data)                 9344 (   9.13kB)
    Total RW  Size (RW Data + ZI Data)              1048 (   1.02kB)
    Total ROM Size (Code + RO Data + RW Data)       9364 (   9.14kB)

==============================================================================

